Archive member included to satisfy reference by file (symbol)

/usr/lib/gcc/arm-none-eabi/13.2.1/thumb/v7e-m+fp/hard/libgcc.a(_arm_muldf3.o)
                              CMakeFiles/passive_cool.dir/Core/Src/bme280.c.obj (__aeabi_dmul)
/usr/lib/gcc/arm-none-eabi/13.2.1/thumb/v7e-m+fp/hard/libgcc.a(_arm_addsubdf3.o)
                              CMakeFiles/passive_cool.dir/Core/Src/bme280.c.obj (__aeabi_dsub)
/usr/lib/gcc/arm-none-eabi/13.2.1/thumb/v7e-m+fp/hard/libgcc.a(_arm_muldivdf3.o)
                              CMakeFiles/passive_cool.dir/Core/Src/bme280.c.obj (__aeabi_ddiv)
/usr/lib/gcc/arm-none-eabi/13.2.1/thumb/v7e-m+fp/hard/libgcc.a(_arm_cmpdf2.o)
                              CMakeFiles/passive_cool.dir/Core/Src/bme280.c.obj (__aeabi_dcmpeq)
/usr/lib/gcc/arm-none-eabi/13.2.1/thumb/v7e-m+fp/hard/libgcc.a(_arm_fixdfsi.o)
                              CMakeFiles/passive_cool.dir/Core/Src/bme280.c.obj (__aeabi_d2iz)
/usr/lib/gcc/arm-none-eabi/13.2.1/thumb/v7e-m+fp/hard/libgcc.a(_arm_truncdfsf2.o)
                              CMakeFiles/passive_cool.dir/Core/Src/bme280.c.obj (__aeabi_d2f)
/usr/lib/gcc/arm-none-eabi/13.2.1/../../../arm-none-eabi/lib/thumb/v7e-m+fp/hard/libg_nano.a(libc_a-init.o)
                              /usr/lib/gcc/arm-none-eabi/13.2.1/../../../arm-none-eabi/lib/thumb/v7e-m+fp/hard/crt0.o (__libc_init_array)
/usr/lib/gcc/arm-none-eabi/13.2.1/../../../arm-none-eabi/lib/thumb/v7e-m+fp/hard/libg_nano.a(libc_a-puts.o)
                              CMakeFiles/passive_cool.dir/Core/Src/main.c.obj (puts)
/usr/lib/gcc/arm-none-eabi/13.2.1/../../../arm-none-eabi/lib/thumb/v7e-m+fp/hard/libg_nano.a(libc_a-findfp.o)
                              /usr/lib/gcc/arm-none-eabi/13.2.1/../../../arm-none-eabi/lib/thumb/v7e-m+fp/hard/libg_nano.a(libc_a-puts.o) (__sinit)
/usr/lib/gcc/arm-none-eabi/13.2.1/../../../arm-none-eabi/lib/thumb/v7e-m+fp/hard/libg_nano.a(libc_a-memset.o)
                              /usr/lib/gcc/arm-none-eabi/13.2.1/../../../arm-none-eabi/lib/thumb/v7e-m+fp/hard/crt0.o (memset)
/usr/lib/gcc/arm-none-eabi/13.2.1/../../../arm-none-eabi/lib/thumb/v7e-m+fp/hard/libg_nano.a(libc_a-fflush.o)
                              /usr/lib/gcc/arm-none-eabi/13.2.1/../../../arm-none-eabi/lib/thumb/v7e-m+fp/hard/libg_nano.a(libc_a-findfp.o) (_fflush_r)
/usr/lib/gcc/arm-none-eabi/13.2.1/../../../arm-none-eabi/lib/thumb/v7e-m+fp/hard/libg_nano.a(libc_a-errno.o)
                              CMakeFiles/passive_cool.dir/Core/Src/sysmem.c.obj (__errno)
/usr/lib/gcc/arm-none-eabi/13.2.1/../../../arm-none-eabi/lib/thumb/v7e-m+fp/hard/libg_nano.a(libc_a-nano-vfprintf_float.o)
                              (_printf_float)
/usr/lib/gcc/arm-none-eabi/13.2.1/../../../arm-none-eabi/lib/thumb/v7e-m+fp/hard/libg_nano.a(libc_a-mallocr.o)
                              /usr/lib/gcc/arm-none-eabi/13.2.1/../../../arm-none-eabi/lib/thumb/v7e-m+fp/hard/libg_nano.a(libc_a-findfp.o) (_malloc_r)
/usr/lib/gcc/arm-none-eabi/13.2.1/../../../arm-none-eabi/lib/thumb/v7e-m+fp/hard/libg_nano.a(libc_a-dtoa.o)
                              /usr/lib/gcc/arm-none-eabi/13.2.1/../../../arm-none-eabi/lib/thumb/v7e-m+fp/hard/libg_nano.a(libc_a-nano-vfprintf_float.o) (_dtoa_r)
/usr/lib/gcc/arm-none-eabi/13.2.1/../../../arm-none-eabi/lib/thumb/v7e-m+fp/hard/libg_nano.a(libc_a-freer.o)
                              /usr/lib/gcc/arm-none-eabi/13.2.1/../../../arm-none-eabi/lib/thumb/v7e-m+fp/hard/libg_nano.a(libc_a-fflush.o) (_free_r)
/usr/lib/gcc/arm-none-eabi/13.2.1/../../../arm-none-eabi/lib/thumb/v7e-m+fp/hard/libg_nano.a(libc_a-fwalk.o)
                              /usr/lib/gcc/arm-none-eabi/13.2.1/../../../arm-none-eabi/lib/thumb/v7e-m+fp/hard/libg_nano.a(libc_a-findfp.o) (_fwalk_sglue)
/usr/lib/gcc/arm-none-eabi/13.2.1/../../../arm-none-eabi/lib/thumb/v7e-m+fp/hard/libg_nano.a(libc_a-wsetup.o)
                              /usr/lib/gcc/arm-none-eabi/13.2.1/../../../arm-none-eabi/lib/thumb/v7e-m+fp/hard/libg_nano.a(libc_a-puts.o) (__swsetup_r)
/usr/lib/gcc/arm-none-eabi/13.2.1/../../../arm-none-eabi/lib/thumb/v7e-m+fp/hard/libg_nano.a(libc_a-memcpy.o)
                              /usr/lib/gcc/arm-none-eabi/13.2.1/../../../arm-none-eabi/lib/thumb/v7e-m+fp/hard/libg_nano.a(libc_a-dtoa.o) (memcpy)
/usr/lib/gcc/arm-none-eabi/13.2.1/../../../arm-none-eabi/lib/thumb/v7e-m+fp/hard/libg_nano.a(libc_a-malloc.o)
                              /usr/lib/gcc/arm-none-eabi/13.2.1/../../../arm-none-eabi/lib/thumb/v7e-m+fp/hard/libg_nano.a(libc_a-dtoa.o) (malloc)
/usr/lib/gcc/arm-none-eabi/13.2.1/../../../arm-none-eabi/lib/thumb/v7e-m+fp/hard/libg_nano.a(libc_a-nano-vfprintf_i.o)
                              /usr/lib/gcc/arm-none-eabi/13.2.1/../../../arm-none-eabi/lib/thumb/v7e-m+fp/hard/libg_nano.a(libc_a-nano-vfprintf_float.o) (_printf_common)
/usr/lib/gcc/arm-none-eabi/13.2.1/../../../arm-none-eabi/lib/thumb/v7e-m+fp/hard/libg_nano.a(libc_a-mlock.o)
[...]
Memory Configuration

Name             Origin             Length             Attributes
RAM              0x20000000         0x00003000         xrw
CCMRAM           0x10000000         0x00001000         xrw
FLASH            0x08000000         0x00010000         xr
*default*        0x00000000         0xffffffff

Linker script and memory map

LOAD /usr/lib/gcc/arm-none-eabi/13.2.1/thumb/v7e-m+fp/hard/crti.o
LOAD /usr/lib/gcc/arm-none-eabi/13.2.1/thumb/v7e-m+fp/hard/crtbegin.o
LOAD /usr/lib/gcc/arm-none-eabi/13.2.1/../../../arm-none-eabi/lib/thumb/v7e-m+fp/hard/crt0.o
LOAD CMakeFiles/passive_cool.dir/Core/Src/main.c.obj
LOAD CMakeFiles/passive_cool.dir/Core/Src/gpio.c.obj
LOAD CMakeFiles/passive_cool.dir/Core/Src/i2c.c.obj
LOAD CMakeFiles/passive_cool.dir/Core/Src/bme280.c.obj
LOAD CMakeFiles/passive_cool.dir/Core/Src/spi.c.obj
LOAD CMakeFiles/passive_cool.dir/Core/Src/tim.c.obj
LOAD CMakeFiles/passive_cool.dir/Core/Src/usart.c.obj
LOAD CMakeFiles/passive_cool.dir/Core/Src/stm32f3xx_it.c.obj
LOAD CMakeFiles/passive_cool.dir/Core/Src/stm32f3xx_hal_msp.c.obj
LOAD CMakeFiles/passive_cool.dir/Core/Src/sysmem.c.obj
LOAD CMakeFiles/passive_cool.dir/Core/Src/syscalls.c.obj
LOAD CMakeFiles/passive_cool.dir/startup_stm32f303x8.s.obj
LOAD CMakeFiles/passive_cool.dir/Core/Src/lcd_tc1602a.c.obj
LOAD CMakeFiles/passive_cool.dir/Core/Src/servo.c.obj
LOAD CMakeFiles/passive_cool.dir/Core/Src/encoder.c.obj
LOAD CMakeFiles/passive_cool.dir/Core/Src/tsl2561.c.obj
LOAD cmake/stm32cubemx/CMakeFiles/STM32_Drivers.dir/__/__/Core/Src/system_stm32f3xx.c.obj
LOAD cmake/stm32cubemx/CMakeFiles/STM32_Drivers.dir/__/__/Drivers/STM32F3xx_HAL_Driver/Src/stm32f3xx_hal_i2c.c.obj
LOAD cmake/stm32cubemx/CMakeFiles/STM32_Drivers.dir/__/__/Drivers/STM32F3xx_HAL_Driver/Src/stm32f3xx_hal_i2c_ex.c.obj
LOAD cmake/stm32cubemx/CMakeFiles/STM32_Drivers.dir/__/__/Drivers/STM32F3xx_HAL_Driver/Src/stm32f3xx_hal.c.obj
LOAD cmake/stm32cubemx/CMakeFiles/STM32_Drivers.dir/__/__/Drivers/STM32F3xx_HAL_Driver/Src/stm32f3xx_hal_rcc.c.obj
LOAD cmake/stm32cubemx/CMakeFiles/STM32_Drivers.dir/__/__/Drivers/STM32F3xx_HAL_Driver/Src/stm32f3xx_hal_rcc_ex.c.obj
LOAD cmake/stm32cubemx/CMakeFiles/STM32_Drivers.dir/__/__/Drivers/STM32F3xx_HAL_Driver/Src/stm32f3xx_hal_gpio.c.obj
LOAD cmake/stm32cubemx/CMakeFiles/STM32_Drivers.dir/__/__/Drivers/STM32F3xx_HAL_Driver/Src/stm32f3xx_hal_dma.c.obj
LOAD cmake/stm32cubemx/CMakeFiles/STM32_Drivers.dir/__/__/Drivers/STM32F3xx_HAL_Driver/Src/stm32f3xx_hal_cortex.c.obj
LOAD cmake/stm32cubemx/CMakeFiles/STM32_Drivers.dir/__/__/Drivers/STM32F3xx_HAL_Driver/Src/stm32f3xx_hal_pwr.c.obj
LOAD cmake/stm32cubemx/CMakeFiles/STM32_Drivers.dir/__/__/Drivers/STM32F3xx_HAL_Driver/Src/stm32f3xx_hal_pwr_ex.c.obj
LOAD cmake/stm32cubemx/CMakeFiles/STM32_Drivers.dir/__/__/Drivers/STM32F3xx_HAL_Driver/Src/stm32f3xx_hal_flash.c.obj
LOAD cmake/stm32cubemx/CMakeFiles/STM32_Drivers.dir/__/__/Drivers/STM32F3xx_HAL_Driver/Src/stm32f3xx_hal_flash_ex.c.obj
LOAD cmake/stm32cubemx/CMakeFiles/STM32_Drivers.dir/__/__/Drivers/STM32F3xx_HAL_Driver/Src/stm32f3xx_hal_exti.c.obj
LOAD cmake/stm32cubemx/CMakeFiles/STM32_Drivers.dir/__/__/Drivers/STM32F3xx_HAL_Driver/Src/stm32f3xx_hal_spi.c.obj
LOAD cmake/stm32cubemx/CMakeFiles/STM32_Drivers.dir/__/__/Drivers/STM32F3xx_HAL_Driver/Src/stm32f3xx_hal_spi_ex.c.obj
LOAD cmake/stm32cubemx/CMakeFiles/STM32_Drivers.dir/__/__/Drivers/STM32F3xx_HAL_Driver/Src/stm32f3xx_hal_tim.c.obj
LOAD cmake/stm32cubemx/CMakeFiles/STM32_Drivers.dir/__/__/Drivers/STM32F3xx_HAL_Driver/Src/stm32f3xx_hal_tim_ex.c.obj
LOAD cmake/stm32cubemx/CMakeFiles/STM32_Drivers.dir/__/__/Drivers/STM32F3xx_HAL_Driver/Src/stm32f3xx_hal_uart.c.obj
LOAD cmake/stm32cubemx/CMakeFiles/STM32_Drivers.dir/__/__/Drivers/STM32F3xx_HAL_Driver/Src/stm32f3xx_hal_uart_ex.c.obj
LOAD /usr/lib/gcc/arm-none-eabi/13.2.1/../../../arm-none-eabi/lib/thumb/v7e-m+fp/hard/libm.a
START GROUP
LOAD /usr/lib/gcc/arm-none-eabi/13.2.1/thumb/v7e-m+fp/hard/libgcc.a
LOAD /usr/lib/gcc/arm-none-eabi/13.2.1/../../../arm-none-eabi/lib/thumb/v7e-m+fp/hard/libg_nano.a
LOAD /usr/lib/gcc/arm-none-eabi/13.2.1/../../../arm-none-eabi/lib/thumb/v7e-m+fp/hard/libc_nano.a
END GROUP
START GROUP
LOAD /usr/lib/gcc/arm-none-eabi/13.2.1/thumb/v7e-m+fp/hard/libgcc.a
LOAD /usr/lib/gcc/arm-none-eabi/13.2.1/../../../arm-none-eabi/lib/thumb/v7e-m+fp/hard/libc_nano.a
END GROUP
LOAD /usr/lib/gcc/arm-none-eabi/13.2.1/thumb/v7e-m+fp/hard/crtend.o
LOAD /usr/lib/gcc/arm-none-eabi/13.2.1/thumb/v7e-m+fp/hard/crtn.o
                0x20003000                        _estack = (ORIGIN (RAM) + LENGTH (RAM))
                0x00000200                        _Min_Heap_Size = 0x200
                0x00000400                        _Min_Stack_Size = 0x400

.isr_vector     0x08000000      0x188
                0x08000000                        . = ALIGN (0x4)
 *(.isr_vector)
 .isr_vector    0x08000000      0x188 CMakeFiles/passive_cool.dir/startup_stm32f303x8.s.obj
                0x08000000                g_pfnVectors
                0x08000188                        . = ALIGN (0x4)

.text           0x080001c0     0xb510
                0x080001c0                        . = ALIGN (0x4)
 *(.text)
 .text          0x080001c0       0x88 /usr/lib/gcc/arm-none-eabi/13.2.1/thumb/v7e-m+fp/hard/crtbegin.o
 .text          0x08000248      0x378 /usr/lib/gcc/arm-none-eabi/13.2.1/thumb/v7e-m+fp/hard/libgcc.a(_arm_addsubdf3.o)
                0x08000248                __aeabi_drsub
                0x08000250                __aeabi_dsub
                0x08000250                __subdf3
                0x08000254                __adddf3
                0x08000254                __aeabi_dadd
                0x080004cc                __aeabi_ui2d
                0x080004cc                __floatunsidf
                0x080004ec                __floatsidf
                0x080004ec                __aeabi_i2d
                0x08000510                __extendsfdf2
                0x08000510                __aeabi_f2d
                0x08000554                __aeabi_ul2d
                0x08000554                __floatundidf
                0x08000564                __floatdidf
                0x08000564                __aeabi_l2d
 .text          0x080005c0      0x424 /usr/lib/gcc/arm-none-eabi/13.2.1/thumb/v7e-m+fp/hard/libgcc.a(_arm_muldivdf3.o)
                0x080005c0                __aeabi_dmul
                0x080005c0                __muldf3
                0x08000814                __aeabi_ddiv
                0x08000814                __divdf3
 .text          0x080009e4      0x110 /usr/lib/gcc/arm-none-eabi/13.2.1/thumb/v7e-m+fp/hard/libgcc.a(_arm_cmpdf2.o)
                0x080009e4                __gtdf2
                0x080009e4                __gedf2
                0x080009ec                __ltdf2
                0x080009ec                __ledf2
                0x080009f4                __cmpdf2
                0x080009f4                __eqdf2
                0x080009f4                __nedf2
                0x08000a70                __aeabi_cdrcmple
                0x08000a80                __aeabi_cdcmple
                0x08000a80                __aeabi_cdcmpeq
                0x08000a90                __aeabi_dcmpeq
                0x08000aa4                __aeabi_dcmplt
                0x08000ab8                __aeabi_dcmple
                0x08000acc                __aeabi_dcmpge
                0x08000ae0                __aeabi_dcmpgt
 .text          0x08000af4       0x50 /usr/lib/gcc/arm-none-eabi/13.2.1/thumb/v7e-m+fp/hard/libgcc.a(_arm_fixdfsi.o)
                0x08000af4                __fixdfsi
                0x08000af4                __aeabi_d2iz
 .text          0x08000b44       0xa0 /usr/lib/gcc/arm-none-eabi/13.2.1/thumb/v7e-m+fp/hard/libgcc.a(_arm_truncdfsf2.o)
                0x08000b44                __aeabi_d2f
                0x08000b44                __truncdfsf2
 .text          0x08000be4       0x50 /usr/lib/gcc/arm-none-eabi/13.2.1/../../../arm-none-eabi/lib/thumb/v7e-m+fp/hard/libg_nano.a(libc_a-init.o)
                0x08000be4                __libc_init_array
 .text          0x08000c34       0xa0 /usr/lib/gcc/arm-none-eabi/13.2.1/../../../arm-none-eabi/lib/thumb/v7e-m+fp/hard/libg_nano.a(libc_a-puts.o)
                0x08000c34                _puts_r
                0x08000cc4                puts
 .text          0x08000cd4      0x224 /usr/lib/gcc/arm-none-eabi/13.2.1/../../../arm-none-eabi/lib/thumb/v7e-m+fp/hard/libg_nano.a(libc_a-findfp.o)
                0x08000e04                __sfp
                0x08000ea8                __sinit
                0x08000ec8                __sfp_lock_acquire
                0x08000ecc                __sfp_lock_release
                0x08000ed0                __fp_lock_all
                0x08000ee4                __fp_unlock_all
 .text          0x08000ef8       0xa4 /usr/lib/gcc/arm-none-eabi/13.2.1/../../../arm-none-eabi/lib/thumb/v7e-m+fp/hard/libg_nano.a(libc_a-memset.o)
                0x08000ef8                memset
 .text          0x08000f9c      0x1a8 /usr/lib/gcc/arm-none-eabi/13.2.1/../../../arm-none-eabi/lib/thumb/v7e-m+fp/hard/libg_nano.a(libc_a-fflush.o)
                0x08000f9c                __sflush_r
                0x080010c0                _fflush_r
                0x080010f8                fflush
 .text          0x08001144        0xc /usr/lib/gcc/arm-none-eabi/13.2.1/../../../arm-none-eabi/lib/thumb/v7e-m+fp/hard/libg_nano.a(libc_a-errno.o)
                0x08001144                __errno
 .text          0x08001150      0x6b0 /usr/lib/gcc/arm-none-eabi/13.2.1/../../../arm-none-eabi/lib/thumb/v7e-m+fp/hard/libg_nano.a(libc_a-nano-vfprintf_float.o)
                0x08001150                __cvt
                0x08001260                __exponent
                0x080012e4                _printf_float
 .text          0x08001800      0x148 /usr/lib/gcc/arm-none-eabi/13.2.1/../../../arm-none-eabi/lib/thumb/v7e-m+fp/hard/libg_nano.a(libc_a-mallocr.o)
                0x08001848                _malloc_r
 .text          0x08001948      0xfdc /usr/lib/gcc/arm-none-eabi/13.2.1/../../../arm-none-eabi/lib/thumb/v7e-m+fp/hard/libg_nano.a(libc_a-dtoa.o)
                0x08001a74                _dtoa_r
 .text          0x08002924       0xbc /usr/lib/gcc/arm-none-eabi/13.2.1/../../../arm-none-eabi/lib/thumb/v7e-m+fp/hard/libg_nano.a(libc_a-freer.o)
                0x08002924                _free_r
 .text          0x080029e0       0x44 /usr/lib/gcc/arm-none-eabi/13.2.1/../../../arm-none-eabi/lib/thumb/v7e-m+fp/hard/libg_nano.a(libc_a-fwalk.o)
                0x080029e0                _fwalk_sglue
 .text          0x08002a24       0xc4 /usr/lib/gcc/arm-none-eabi/13.2.1/../../../arm-none-eabi/lib/thumb/v7e-m+fp/hard/libg_nano.a(libc_a-wsetup.o)
                0x08002a24                __swsetup_r
 .text          0x08002ae8      0x134 /usr/lib/gcc/arm-none-eabi/13.2.1/../../../arm-none-eabi/lib/thumb/v7e-m+fp/hard/libg_nano.a(libc_a-memcpy.o)
                0x08002ae8                memcpy
 .text          0x08002c1c       0x20 /usr/lib/gcc/arm-none-eabi/13.2.1/../../../arm-none-eabi/lib/thumb/v7e-m+fp/hard/libg_nano.a(libc_a-malloc.o)
                0x08002c1c                malloc
                0x08002c2c                free
 .text          0x08002c3c      0x3a8 /usr/lib/gcc/arm-none-eabi/13.2.1/../../../arm-none-eabi/lib/thumb/v7e-m+fp/hard/libg_nano.a(libc_a-nano-vfprintf_i.o)
                0x08002c3c                _printf_common
                0x08002d60                _printf_i
 .text          0x08002fe4        0x8 /usr/lib/gcc/arm-none-eabi/13.2.1/../../../arm-none-eabi/lib/thumb/v7e-m+fp/hard/libg_nano.a(libc_a-mlock.o)
                0x08002fe4                __malloc_lock
                0x08002fe8                __malloc_unlock
 .text          0x08002fec      0x114 /usr/lib/gcc/arm-none-eabi/13.2.1/../../../arm-none-eabi/lib/thumb/v7e-m+fp/hard/libg_nano.a(libc_a-makebuf.o)
                0x08002fec                __smakebuf_r
                0x080030b0                __swhatbuf_r
 .text          0x08003100       0x48 /usr/lib/gcc/arm-none-eabi/13.2.1/../../../arm-none-eabi/lib/thumb/v7e-m+fp/hard/libg_nano.a(libc_a-printf.o)
                0x08003100                _printf_r
                0x08003100                _iprintf_r
                0x08003120                printf
                0x08003120                iprintf
 .text          0x08003148       0x24 /usr/lib/gcc/arm-none-eabi/13.2.1/../../../arm-none-eabi/lib/thumb/v7e-m+fp/hard/libg_nano.a(libc_a-isattyr.o)
                0x08003148                _isatty_r
 .text          0x0800316c      0x314 /usr/lib/gcc/arm-none-eabi/13.2.1/../../../arm-none-eabi/lib/thumb/v7e-m+fp/hard/libg_nano.a(libc_a-nano-vfprintf.o)
                0x080031a8                __sfputs_r
                0x080031d8                __sprint_r
                0x080031f8                _vfiprintf_r
                0x080031f8                _vfprintf_r
                0x08003464                vfiprintf
                0x08003464                vfprintf
 .text          0x08003480       0xa0 /usr/lib/gcc/arm-none-eabi/13.2.1/../../../arm-none-eabi/lib/thumb/v7e-m+fp/hard/libg_nano.a(libc_a-wbuf.o)
                0x08003480                __swbuf_r
                0x08003508                __swbuf
 .text          0x08003520       0x4c /usr/lib/gcc/arm-none-eabi/13.2.1/../../../arm-none-eabi/lib/thumb/v7e-m+fp/hard/libg_nano.a(libc_a-assert.o)
                0x08003520                __assert_func
                0x08003560                __assert
 .text          0x0800356c      0xb10 /usr/lib/gcc/arm-none-eabi/13.2.1/../../../arm-none-eabi/lib/thumb/v7e-m+fp/hard/libg_nano.a(libc_a-mprec.o)
                0x0800356c                _Balloc
                0x080035ec                _Bfree
                0x08003634                __multadd
                0x080036d0                __s2b
                0x08003784                __hi0bits
                0x080037c8                __lo0bits
                0x08003828                __i2b
                0x08003854                __multiply
                0x080039c0                __pow5mult
                0x08003aa0                __lshift
                0x08003b88                __mcmp
                0x08003bcc                __mdiff
                0x08003d44                __ulp
                0x08003da8                __b2d
                0x08003e64                __d2b
                0x08003f24                __ratio
                0x08003f84                _mprec_log10
                0x08003fc4                __copybits
                0x08004020                __any_on
 .text          0x0800407c       0x24 /usr/lib/gcc/arm-none-eabi/13.2.1/../../../arm-none-eabi/lib/thumb/v7e-m+fp/hard/libg_nano.a(libc_a-sbrkr.o)
                0x0800407c                _sbrk_r
 .text          0x080040a0       0x94 /usr/lib/gcc/arm-none-eabi/13.2.1/../../../arm-none-eabi/lib/thumb/v7e-m+fp/hard/libg_nano.a(libc_a-stdio.o)
                0x080040a0                __sread
                0x080040c4                __seofread
                0x080040c8                __swrite
                0x08004108                __sseek
                0x0800412c                __sclose
 .text          0x08004134       0x14 /usr/lib/gcc/arm-none-eabi/13.2.1/../../../arm-none-eabi/lib/thumb/v7e-m+fp/hard/libg_nano.a(libc_a-localeconv.o)
                0x08004134                __localeconv_l
                0x08004138                _localeconv_r
                0x08004140                localeconv
 .text          0x08004148      0x300 /usr/lib/gcc/arm-none-eabi/13.2.1/../../../arm-none-eabi/lib/thumb/v7e-m+fp/hard/libg_nano.a(libc_a-fvwrite.o)
                0x08004148                __sfvwrite_r
 .text          0x08004448       0x10 /usr/lib/gcc/arm-none-eabi/13.2.1/../../../arm-none-eabi/lib/thumb/v7e-m+fp/hard/libg_nano.a(libc_a-abort.o)
                0x08004448                abort
 .text          0x08004458       0x24 /usr/lib/gcc/arm-none-eabi/13.2.1/../../../arm-none-eabi/lib/thumb/v7e-m+fp/hard/libg_nano.a(libc_a-closer.o)
                0x08004458                _close_r
 *fill*         0x0800447c        0x4 
 .text          0x08004480       0xd8 /usr/lib/gcc/arm-none-eabi/13.2.1/../../../arm-none-eabi/lib/thumb/v7e-m+fp/hard/libg_nano.a(libc_a-strlen.o)
                0x08004480                strlen
 .text          0x08004558       0x28 /usr/lib/gcc/arm-none-eabi/13.2.1/../../../arm-none-eabi/lib/thumb/v7e-m+fp/hard/libg_nano.a(libc_a-callocr.o)
                0x08004558                _calloc_r
 .text          0x08004580      0x100 /usr/lib/gcc/arm-none-eabi/13.2.1/../../../arm-none-eabi/lib/thumb/v7e-m+fp/hard/libg_nano.a(libc_a-memmove.o)
                0x08004580                memmove
 .text          0x08004680       0x30 /usr/lib/gcc/arm-none-eabi/13.2.1/../../../arm-none-eabi/lib/thumb/v7e-m+fp/hard/libg_nano.a(libc_a-wctomb_r.o)
                0x08004680                _wctomb_r
                0x08004694                __ascii_wctomb
 .text          0x080046b0       0xa0 /usr/lib/gcc/arm-none-eabi/13.2.1/../../../arm-none-eabi/lib/thumb/v7e-m+fp/hard/libg_nano.a(libc_a-memchr.o)
                0x080046b0                memchr
 .text          0x08004750       0x2c /usr/lib/gcc/arm-none-eabi/13.2.1/../../../arm-none-eabi/lib/thumb/v7e-m+fp/hard/libg_nano.a(libc_a-readr.o)
                0x08004750                _read_r
 .text          0x0800477c       0x44 /usr/lib/gcc/arm-none-eabi/13.2.1/../../../arm-none-eabi/lib/thumb/v7e-m+fp/hard/libg_nano.a(libc_a-fprintf.o)
                0x0800477c                _fprintf_r
                0x0800477c                _fiprintf_r
                0x08004798                fprintf
                0x08004798                fiprintf
 .text          0x080047c0       0x64 /usr/lib/gcc/arm-none-eabi/13.2.1/../../../arm-none-eabi/lib/thumb/v7e-m+fp/hard/libg_nano.a(libc_a-reallocr.o)
                0x080047c0                _realloc_r
 .text          0x08004824       0x2c /usr/lib/gcc/arm-none-eabi/13.2.1/../../../arm-none-eabi/lib/thumb/v7e-m+fp/hard/libg_nano.a(libc_a-fstatr.o)
                0x08004824                _fstat_r
 .text          0x08004850       0x2c /usr/lib/gcc/arm-none-eabi/13.2.1/../../../arm-none-eabi/lib/thumb/v7e-m+fp/hard/libg_nano.a(libc_a-lseekr.o)
                0x08004850                _lseek_r
 .text          0x0800487c       0x2c /usr/lib/gcc/arm-none-eabi/13.2.1/../../../arm-none-eabi/lib/thumb/v7e-m+fp/hard/libg_nano.a(libc_a-writer.o)
                0x0800487c                _write_r
 .text          0x080048a8       0x10 /usr/lib/gcc/arm-none-eabi/13.2.1/../../../arm-none-eabi/lib/thumb/v7e-m+fp/hard/libg_nano.a(libc_a-msizer.o)
                0x080048a8                _malloc_usable_size_r
 .text          0x080048b8       0x40 /usr/lib/gcc/arm-none-eabi/13.2.1/../../../arm-none-eabi/lib/thumb/v7e-m+fp/hard/libg_nano.a(libc_a-mbtowc_r.o)
                0x080048b8                _mbtowc_r
                0x080048cc                __ascii_mbtowc
 .text          0x080048f8      0x260 /usr/lib/gcc/arm-none-eabi/13.2.1/../../../arm-none-eabi/lib/thumb/v7e-m+fp/hard/libg_nano.a(libc_a-signal.o)
                0x080048f8                _init_signal_r
                0x08004924                _signal_r
                0x08004970                _raise_r
                0x080049c0                __sigtramp_r
                0x08004a20                raise
                0x08004a74                signal
                0x08004ac0                _init_signal
                0x08004af4                __sigtramp
 .text          0x08004b58       0x30 /usr/lib/gcc/arm-none-eabi/13.2.1/../../../arm-none-eabi/lib/thumb/v7e-m+fp/hard/libg_nano.a(libc_a-signalr.o)
                0x08004b58                _kill_r
                0x08004b84                _getpid_r
 .text          0x08004b88       0x2c /usr/lib/gcc/arm-none-eabi/13.2.1/thumb/v7e-m+fp/hard/libgcc.a(_arm_unorddf2.o)
                0x08004b88                __aeabi_dcmpun
                0x08004b88                __unorddf2
 *(.text*)
 .text._write   0x08004bb4       0x2c CMakeFiles/passive_cool.dir/Core/Src/main.c.obj
                0x08004bb4                _write
 .text.main     0x08004be0      0x3d0 CMakeFiles/passive_cool.dir/Core/Src/main.c.obj
                0x08004be0                main
 .text.SystemClock_Config
                0x08004fb0       0xaa CMakeFiles/passive_cool.dir/Core/Src/main.c.obj
                0x08004fb0                SystemClock_Config
 *fill*         0x0800505a        0x2 
 .text.Error_Handler
                0x0800505c       0x20 CMakeFiles/passive_cool.dir/Core/Src/main.c.obj
                0x0800505c                Error_Handler
 .text.MX_GPIO_Init
                0x0800507c       0xe4 CMakeFiles/passive_cool.dir/Core/Src/gpio.c.obj
                0x0800507c                MX_GPIO_Init
 .text.MX_I2C1_Init
                0x08005160       0x80 CMakeFiles/passive_cool.dir/Core/Src/i2c.c.obj
                0x08005160                MX_I2C1_Init
 .text.HAL_I2C_MspInit
                0x080051e0       0x88 CMakeFiles/passive_cool.dir/Core/Src/i2c.c.obj
                0x080051e0                HAL_I2C_MspInit
 .text.cs_low   0x08005268       0x20 CMakeFiles/passive_cool.dir/Core/Src/bme280.c.obj
 .text.cs_high  0x08005288       0x20 CMakeFiles/passive_cool.dir/Core/Src/bme280.c.obj
 .text.read_regs
                0x080052a8       0x6c CMakeFiles/passive_cool.dir/Core/Src/bme280.c.obj
 .text.write_reg
                0x08005314       0x54 CMakeFiles/passive_cool.dir/Core/Src/bme280.c.obj
 .text.load_calibration
                0x08005368      0x1b6 CMakeFiles/passive_cool.dir/Core/Src/bme280.c.obj
 *fill*         0x0800551e        0x2 
 .text.compensate_temp
                0x08005520      0x18c CMakeFiles/passive_cool.dir/Core/Src/bme280.c.obj
 *fill*         0x080056ac        0x4 
 .text.compensate_pressure
                0x080056b0      0x354 CMakeFiles/passive_cool.dir/Core/Src/bme280.c.obj
 .text.compensate_humidity
                0x08005a04      0x21c CMakeFiles/passive_cool.dir/Core/Src/bme280.c.obj
 .text.read_raw
                0x08005c20       0xc6 CMakeFiles/passive_cool.dir/Core/Src/bme280.c.obj
 .text.BME280_Init
                0x08005ce6      0x12a CMakeFiles/passive_cool.dir/Core/Src/bme280.c.obj
                0x08005ce6                BME280_Init
 .text.BME280_Read
                0x08005e10       0x74 CMakeFiles/passive_cool.dir/Core/Src/bme280.c.obj
                0x08005e10                BME280_Read
 .text.MX_SPI1_Init
                0x08005e84       0x7c CMakeFiles/passive_cool.dir/Core/Src/spi.c.obj
                0x08005e84                MX_SPI1_Init
 .text.HAL_SPI_MspInit
                0x08005f00       0x84 CMakeFiles/passive_cool.dir/Core/Src/spi.c.obj
                0x08005f00                HAL_SPI_MspInit
 .text.MX_TIM1_Init
                0x08005f84      0x16c CMakeFiles/passive_cool.dir/Core/Src/tim.c.obj
                0x08005f84                MX_TIM1_Init
 .text.MX_TIM3_Init
                0x080060f0       0xa8 CMakeFiles/passive_cool.dir/Core/Src/tim.c.obj
                0x080060f0                MX_TIM3_Init
 .text.HAL_TIM_Base_MspInit
                0x08006198       0x40 CMakeFiles/passive_cool.dir/Core/Src/tim.c.obj
                0x08006198                HAL_TIM_Base_MspInit
 .text.HAL_TIM_Encoder_MspInit
                0x080061d8       0x88 CMakeFiles/passive_cool.dir/Core/Src/tim.c.obj
                0x080061d8                HAL_TIM_Encoder_MspInit
 .text.HAL_TIM_MspPostInit
                0x08006260       0x70 CMakeFiles/passive_cool.dir/Core/Src/tim.c.obj
                0x08006260                HAL_TIM_MspPostInit
 .text.MX_USART2_UART_Init
                0x080062d0       0x60 CMakeFiles/passive_cool.dir/Core/Src/usart.c.obj
                0x080062d0                MX_USART2_UART_Init
 .text.HAL_UART_MspInit
                0x08006330       0x88 CMakeFiles/passive_cool.dir/Core/Src/usart.c.obj
                0x08006330                HAL_UART_MspInit
 .text.NMI_Handler
                0x080063b8        0x8 CMakeFiles/passive_cool.dir/Core/Src/stm32f3xx_it.c.obj
                0x080063b8                NMI_Handler
 .text.HardFault_Handler
                0x080063c0        0x8 CMakeFiles/passive_cool.dir/Core/Src/stm32f3xx_it.c.obj
                0x080063c0                HardFault_Handler
 .text.MemManage_Handler
                0x080063c8        0x8 CMakeFiles/passive_cool.dir/Core/Src/stm32f3xx_it.c.obj
                0x080063c8                MemManage_Handler
 .text.BusFault_Handler
                0x080063d0        0x8 CMakeFiles/passive_cool.dir/Core/Src/stm32f3xx_it.c.obj
                0x080063d0                BusFault_Handler
 .text.UsageFault_Handler
                0x080063d8        0x8 CMakeFiles/passive_cool.dir/Core/Src/stm32f3xx_it.c.obj
                0x080063d8                UsageFault_Handler
 .text.SVC_Handler
                0x080063e0        0xe CMakeFiles/passive_cool.dir/Core/Src/stm32f3xx_it.c.obj
                0x080063e0                SVC_Handler
 .text.DebugMon_Handler
                0x080063ee        0xe CMakeFiles/passive_cool.dir/Core/Src/stm32f3xx_it.c.obj
                0x080063ee                DebugMon_Handler
 .text.PendSV_Handler
                0x080063fc        0xe CMakeFiles/passive_cool.dir/Core/Src/stm32f3xx_it.c.obj
                0x080063fc                PendSV_Handler
 *fill*         0x0800640a        0x2 
 .text.SysTick_Handler
                0x0800640c       0x2c CMakeFiles/passive_cool.dir/Core/Src/stm32f3xx_it.c.obj
                0x0800640c                SysTick_Handler
 .text.HAL_MspInit
                0x08006438       0x48 CMakeFiles/passive_cool.dir/Core/Src/stm32f3xx_hal_msp.c.obj
                0x08006438                HAL_MspInit
 .text._sbrk    0x08006480       0x6c CMakeFiles/passive_cool.dir/Core/Src/sysmem.c.obj
                0x08006480                _sbrk
 .text._getpid  0x080064ec       0x10 CMakeFiles/passive_cool.dir/Core/Src/syscalls.c.obj
                0x080064ec                _getpid
 .text._kill    0x080064fc       0x20 CMakeFiles/passive_cool.dir/Core/Src/syscalls.c.obj
                0x080064fc                _kill
 .text._exit    0x0800651c       0x16 CMakeFiles/passive_cool.dir/Core/Src/syscalls.c.obj
                0x0800651c                _exit
 .text._read    0x08006532       0x3a CMakeFiles/passive_cool.dir/Core/Src/syscalls.c.obj
                0x08006532                _read
 .text._close   0x0800656c       0x18 CMakeFiles/passive_cool.dir/Core/Src/syscalls.c.obj
                0x0800656c                _close
 .text._fstat   0x08006584       0x20 CMakeFiles/passive_cool.dir/Core/Src/syscalls.c.obj
                0x08006584                _fstat
 .text._isatty  0x080065a4       0x16 CMakeFiles/passive_cool.dir/Core/Src/syscalls.c.obj
                0x080065a4                _isatty
 .text._lseek   0x080065ba       0x1a CMakeFiles/passive_cool.dir/Core/Src/syscalls.c.obj
                0x080065ba                _lseek
 .text.Reset_Handler
                0x080065d4       0x50 CMakeFiles/passive_cool.dir/startup_stm32f303x8.s.obj
                0x080065d4                Reset_Handler
 .text.Default_Handler
                0x08006624        0x2 CMakeFiles/passive_cool.dir/startup_stm32f303x8.s.obj
                0x08006624                RTC_Alarm_IRQHandler
                0x08006624                TIM1_CC_IRQHandler
                0x08006624                PVD_IRQHandler
                0x08006624                TAMP_STAMP_IRQHandler
                0x08006624                EXTI3_IRQHandler
                0x08006624                EXTI0_IRQHandler
                0x08006624                FPU_IRQHandler
                0x08006624                CAN_TX_IRQHandler
                0x08006624                TIM1_UP_TIM16_IRQHandler
                0x08006624                ADC1_2_IRQHandler
                0x08006624                SPI1_IRQHandler
                0x08006624                CAN_SCE_IRQHandler
                0x08006624                DMA1_Channel4_IRQHandler
                0x08006624                USART3_IRQHandler
                0x08006624                DMA1_Channel7_IRQHandler
                0x08006624                TIM7_DAC2_IRQHandler
                0x08006624                CAN_RX1_IRQHandler
                0x08006624                I2C1_EV_IRQHandler
                0x08006624                DMA1_Channel6_IRQHandler
                0x08006624                TIM3_IRQHandler
                0x08006624                RCC_IRQHandler
                0x08006624                DMA1_Channel1_IRQHandler
                0x08006624                Default_Handler
                0x08006624                EXTI15_10_IRQHandler
                0x08006624                COMP2_IRQHandler
                0x08006624                TIM6_DAC1_IRQHandler
                0x08006624                EXTI9_5_IRQHandler
                0x08006624                RTC_WKUP_IRQHandler
                0x08006624                DMA1_Channel5_IRQHandler
                0x08006624                EXTI4_IRQHandler
                0x08006624                TIM1_TRG_COM_TIM17_IRQHandler
                0x08006624                DMA1_Channel3_IRQHandler
                0x08006624                WWDG_IRQHandler
                0x08006624                TIM2_IRQHandler
                0x08006624                EXTI1_IRQHandler
                0x08006624                COMP4_6_IRQHandler
                0x08006624                USART2_IRQHandler
                0x08006624                DMA1_Channel2_IRQHandler
                0x08006624                FLASH_IRQHandler
                0x08006624                USART1_IRQHandler
                0x08006624                CAN_RX0_IRQHandler
                0x08006624                I2C1_ER_IRQHandler
                0x08006624                EXTI2_TSC_IRQHandler
                0x08006624                TIM1_BRK_TIM15_IRQHandler
 *fill*         0x08006626        0x2 
 .text.servo_init
                0x08006628       0x48 CMakeFiles/passive_cool.dir/Core/Src/servo.c.obj
                0x08006628                servo_init
 .text.servo_set_angle
                0x08006670       0x4c CMakeFiles/passive_cool.dir/Core/Src/servo.c.obj
                0x08006670                servo_set_angle
 .text.servo_set_angle_damped
                0x080066bc       0x38 CMakeFiles/passive_cool.dir/Core/Src/servo.c.obj
                0x080066bc                servo_set_angle_damped
 .text.servo_damp_tick
                0x080066f4       0x94 CMakeFiles/passive_cool.dir/Core/Src/servo.c.obj
                0x080066f4                servo_damp_tick
 .text.encoder_init
                0x08006788       0x30 CMakeFiles/passive_cool.dir/Core/Src/encoder.c.obj
                0x08006788                encoder_init
 .text.encoder_update
                0x080067b8      0x130 CMakeFiles/passive_cool.dir/Core/Src/encoder.c.obj
                0x080067b8                encoder_update
 .text.encoder_get_angle
                0x080068e8       0x1c CMakeFiles/passive_cool.dir/Core/Src/encoder.c.obj
                0x080068e8                encoder_get_angle
 .text.SystemInit
                0x08006904       0x24 cmake/stm32cubemx/CMakeFiles/STM32_Drivers.dir/__/__/Core/Src/system_stm32f3xx.c.obj
                0x08006904                SystemInit
 .text.HAL_I2C_Init
                0x08006928      0x136 cmake/stm32cubemx/CMakeFiles/STM32_Drivers.dir/__/__/Drivers/STM32F3xx_HAL_Driver/Src/stm32f3xx_hal_i2c.c.obj
                0x08006928                HAL_I2C_Init
 .text.HAL_I2C_IsDeviceReady
                0x08006a5e      0x1d8 cmake/stm32cubemx/CMakeFiles/STM32_Drivers.dir/__/__/Drivers/STM32F3xx_HAL_Driver/Src/stm32f3xx_hal_i2c.c.obj
                0x08006a5e                HAL_I2C_IsDeviceReady
 .text.I2C_Flush_TXDR
                0x08006c36       0x48 cmake/stm32cubemx/CMakeFiles/STM32_Drivers.dir/__/__/Drivers/STM32F3xx_HAL_Driver/Src/stm32f3xx_hal_i2c.c.obj
 .text.I2C_WaitOnFlagUntilTimeout
                0x08006c7e       0xb2 cmake/stm32cubemx/CMakeFiles/STM32_Drivers.dir/__/__/Drivers/STM32F3xx_HAL_Driver/Src/stm32f3xx_hal_i2c.c.obj
 .text.I2C_IsErrorOccurred
                0x08006d30      0x1c0 cmake/stm32cubemx/CMakeFiles/STM32_Drivers.dir/__/__/Drivers/STM32F3xx_HAL_Driver/Src/stm32f3xx_hal_i2c.c.obj
 .text.HAL_I2CEx_ConfigAnalogFilter
                0x08006ef0       0x96 cmake/stm32cubemx/CMakeFiles/STM32_Drivers.dir/__/__/Drivers/STM32F3xx_HAL_Driver/Src/stm32f3xx_hal_i2c_ex.c.obj
                0x08006ef0                HAL_I2CEx_ConfigAnalogFilter
 .text.HAL_I2CEx_ConfigDigitalFilter
                0x08006f86       0x98 cmake/stm32cubemx/CMakeFiles/STM32_Drivers.dir/__/__/Drivers/STM32F3xx_HAL_Driver/Src/stm32f3xx_hal_i2c_ex.c.obj
                0x08006f86                HAL_I2CEx_ConfigDigitalFilter
 *fill*         0x0800701e        0x2 
 .text.HAL_Init
                0x08007020       0x2c cmake/stm32cubemx/CMakeFiles/STM32_Drivers.dir/__/__/Drivers/STM32F3xx_HAL_Driver/Src/stm32f3xx_hal.c.obj
                0x08007020                HAL_Init
 .text.HAL_InitTick
                0x0800704c       0x60 cmake/stm32cubemx/CMakeFiles/STM32_Drivers.dir/__/__/Drivers/STM32F3xx_HAL_Driver/Src/stm32f3xx_hal.c.obj
                0x0800704c                HAL_InitTick
 .text.HAL_IncTick
                0x080070ac       0x28 cmake/stm32cubemx/CMakeFiles/STM32_Drivers.dir/__/__/Drivers/STM32F3xx_HAL_Driver/Src/stm32f3xx_hal.c.obj
                0x080070ac                HAL_IncTick
 .text.HAL_GetTick
                0x080070d4       0x18 cmake/stm32cubemx/CMakeFiles/STM32_Drivers.dir/__/__/Drivers/STM32F3xx_HAL_Driver/Src/stm32f3xx_hal.c.obj
                0x080070d4                HAL_GetTick
 .text.HAL_Delay
                0x080070ec       0x48 cmake/stm32cubemx/CMakeFiles/STM32_Drivers.dir/__/__/Drivers/STM32F3xx_HAL_Driver/Src/stm32f3xx_hal.c.obj
                0x080070ec                HAL_Delay
 .text.HAL_RCC_OscConfig
                0x08007134     0x101c cmake/stm32cubemx/CMakeFiles/STM32_Drivers.dir/__/__/Drivers/STM32F3xx_HAL_Driver/Src/stm32f3xx_hal_rcc.c.obj
                0x08007134                HAL_RCC_OscConfig
 .text.HAL_RCC_ClockConfig
                0x08008150      0x2dc cmake/stm32cubemx/CMakeFiles/STM32_Drivers.dir/__/__/Drivers/STM32F3xx_HAL_Driver/Src/stm32f3xx_hal_rcc.c.obj
                0x08008150                HAL_RCC_ClockConfig
 .text.HAL_RCC_GetSysClockFreq
                0x0800842c       0xa8 cmake/stm32cubemx/CMakeFiles/STM32_Drivers.dir/__/__/Drivers/STM32F3xx_HAL_Driver/Src/stm32f3xx_hal_rcc.c.obj
                0x0800842c                HAL_RCC_GetSysClockFreq
 .text.HAL_RCC_GetHCLKFreq
                0x080084d4       0x18 cmake/stm32cubemx/CMakeFiles/STM32_Drivers.dir/__/__/Drivers/STM32F3xx_HAL_Driver/Src/stm32f3xx_hal_rcc.c.obj
                0x080084d4                HAL_RCC_GetHCLKFreq
 .text.HAL_RCC_GetPCLK1Freq
                0x080084ec       0x44 cmake/stm32cubemx/CMakeFiles/STM32_Drivers.dir/__/__/Drivers/STM32F3xx_HAL_Driver/Src/stm32f3xx_hal_rcc.c.obj
                0x080084ec                HAL_RCC_GetPCLK1Freq
 .text.HAL_RCC_GetPCLK2Freq
                0x08008530       0x44 cmake/stm32cubemx/CMakeFiles/STM32_Drivers.dir/__/__/Drivers/STM32F3xx_HAL_Driver/Src/stm32f3xx_hal_rcc.c.obj
                0x08008530                HAL_RCC_GetPCLK2Freq
 .text.HAL_RCCEx_PeriphCLKConfig
                0x08008574      0x248 cmake/stm32cubemx/CMakeFiles/STM32_Drivers.dir/__/__/Drivers/STM32F3xx_HAL_Driver/Src/stm32f3xx_hal_rcc_ex.c.obj
                0x08008574                HAL_RCCEx_PeriphCLKConfig
 .text.HAL_GPIO_Init
                0x080087bc      0x2e4 cmake/stm32cubemx/CMakeFiles/STM32_Drivers.dir/__/__/Drivers/STM32F3xx_HAL_Driver/Src/stm32f3xx_hal_gpio.c.obj
                0x080087bc                HAL_GPIO_Init
 .text.HAL_GPIO_ReadPin
                0x08008aa0       0x30 cmake/stm32cubemx/CMakeFiles/STM32_Drivers.dir/__/__/Drivers/STM32F3xx_HAL_Driver/Src/stm32f3xx_hal_gpio.c.obj
                0x08008aa0                HAL_GPIO_ReadPin
 .text.HAL_GPIO_WritePin
                0x08008ad0       0x30 cmake/stm32cubemx/CMakeFiles/STM32_Drivers.dir/__/__/Drivers/STM32F3xx_HAL_Driver/Src/stm32f3xx_hal_gpio.c.obj
                0x08008ad0                HAL_GPIO_WritePin
 .text.HAL_GPIO_TogglePin
                0x08008b00       0x34 cmake/stm32cubemx/CMakeFiles/STM32_Drivers.dir/__/__/Drivers/STM32F3xx_HAL_Driver/Src/stm32f3xx_hal_gpio.c.obj
                0x08008b00                HAL_GPIO_TogglePin
 .text.__NVIC_SetPriorityGrouping
                0x08008b34       0x48 cmake/stm32cubemx/CMakeFiles/STM32_Drivers.dir/__/__/Drivers/STM32F3xx_HAL_Driver/Src/stm32f3xx_hal_cortex.c.obj
 .text.__NVIC_GetPriorityGrouping
                0x08008b7c       0x1c cmake/stm32cubemx/CMakeFiles/STM32_Drivers.dir/__/__/Drivers/STM32F3xx_HAL_Driver/Src/stm32f3xx_hal_cortex.c.obj
 .text.__NVIC_SetPriority
                0x08008b98       0x54 cmake/stm32cubemx/CMakeFiles/STM32_Drivers.dir/__/__/Drivers/STM32F3xx_HAL_Driver/Src/stm32f3xx_hal_cortex.c.obj
 .text.NVIC_EncodePriority
                0x08008bec       0x66 cmake/stm32cubemx/CMakeFiles/STM32_Drivers.dir/__/__/Drivers/STM32F3xx_HAL_Driver/Src/stm32f3xx_hal_cortex.c.obj
 *fill*         0x08008c52        0x2 
 .text.SysTick_Config
                0x08008c54       0x44 cmake/stm32cubemx/CMakeFiles/STM32_Drivers.dir/__/__/Drivers/STM32F3xx_HAL_Driver/Src/stm32f3xx_hal_cortex.c.obj
 .text.HAL_NVIC_SetPriorityGrouping
                0x08008c98       0x16 cmake/stm32cubemx/CMakeFiles/STM32_Drivers.dir/__/__/Drivers/STM32F3xx_HAL_Driver/Src/stm32f3xx_hal_cortex.c.obj
                0x08008c98                HAL_NVIC_SetPriorityGrouping
 .text.HAL_NVIC_SetPriority
                0x08008cae       0x38 cmake/stm32cubemx/CMakeFiles/STM32_Drivers.dir/__/__/Drivers/STM32F3xx_HAL_Driver/Src/stm32f3xx_hal_cortex.c.obj
                0x08008cae                HAL_NVIC_SetPriority
 .text.HAL_SYSTICK_Config
                0x08008ce6       0x18 cmake/stm32cubemx/CMakeFiles/STM32_Drivers.dir/__/__/Drivers/STM32F3xx_HAL_Driver/Src/stm32f3xx_hal_cortex.c.obj
                0x08008ce6                HAL_SYSTICK_Config
 .text.HAL_SPI_Init
                0x08008cfe      0x146 cmake/stm32cubemx/CMakeFiles/STM32_Drivers.dir/__/__/Drivers/STM32F3xx_HAL_Driver/Src/stm32f3xx_hal_spi.c.obj
                0x08008cfe                HAL_SPI_Init
 .text.HAL_SPI_Transmit
                0x08008e44      0x2ea cmake/stm32cubemx/CMakeFiles/STM32_Drivers.dir/__/__/Drivers/STM32F3xx_HAL_Driver/Src/stm32f3xx_hal_spi.c.obj
                0x08008e44                HAL_SPI_Transmit
 .text.HAL_SPI_Receive
                0x0800912e      0x26e cmake/stm32cubemx/CMakeFiles/STM32_Drivers.dir/__/__/Drivers/STM32F3xx_HAL_Driver/Src/stm32f3xx_hal_spi.c.obj
                0x0800912e                HAL_SPI_Receive
 .text.HAL_SPI_TransmitReceive
                0x0800939c      0x444 cmake/stm32cubemx/CMakeFiles/STM32_Drivers.dir/__/__/Drivers/STM32F3xx_HAL_Driver/Src/stm32f3xx_hal_spi.c.obj
                0x0800939c                HAL_SPI_TransmitReceive
 .text.SPI_WaitFlagStateUntilTimeout
                0x080097e0      0x110 cmake/stm32cubemx/CMakeFiles/STM32_Drivers.dir/__/__/Drivers/STM32F3xx_HAL_Driver/Src/stm32f3xx_hal_spi.c.obj
 .text.SPI_WaitFifoStateUntilTimeout
                0x080098f0      0x12c cmake/stm32cubemx/CMakeFiles/STM32_Drivers.dir/__/__/Drivers/STM32F3xx_HAL_Driver/Src/stm32f3xx_hal_spi.c.obj
 .text.SPI_EndRxTransaction
                0x08009a1c       0xb0 cmake/stm32cubemx/CMakeFiles/STM32_Drivers.dir/__/__/Drivers/STM32F3xx_HAL_Driver/Src/stm32f3xx_hal_spi.c.obj
 .text.SPI_EndRxTxTransaction
                0x08009acc       0x8c cmake/stm32cubemx/CMakeFiles/STM32_Drivers.dir/__/__/Drivers/STM32F3xx_HAL_Driver/Src/stm32f3xx_hal_spi.c.obj
 .text.HAL_TIM_Base_Init
                0x08009b58       0xae cmake/stm32cubemx/CMakeFiles/STM32_Drivers.dir/__/__/Drivers/STM32F3xx_HAL_Driver/Src/stm32f3xx_hal_tim.c.obj
                0x08009b58                HAL_TIM_Base_Init
 .text.HAL_TIM_PWM_Init
                0x08009c06       0xae cmake/stm32cubemx/CMakeFiles/STM32_Drivers.dir/__/__/Drivers/STM32F3xx_HAL_Driver/Src/stm32f3xx_hal_tim.c.obj
                0x08009c06                HAL_TIM_PWM_Init
 .text.HAL_TIM_PWM_MspInit
                0x08009cb4       0x14 cmake/stm32cubemx/CMakeFiles/STM32_Drivers.dir/__/__/Drivers/STM32F3xx_HAL_Driver/Src/stm32f3xx_hal_tim.c.obj
                0x08009cb4                HAL_TIM_PWM_MspInit
 .text.HAL_TIM_PWM_Start
                0x08009cc8      0x1d8 cmake/stm32cubemx/CMakeFiles/STM32_Drivers.dir/__/__/Drivers/STM32F3xx_HAL_Driver/Src/stm32f3xx_hal_tim.c.obj
                0x08009cc8                HAL_TIM_PWM_Start
 .text.HAL_TIM_Encoder_Init
                0x08009ea0      0x14c cmake/stm32cubemx/CMakeFiles/STM32_Drivers.dir/__/__/Drivers/STM32F3xx_HAL_Driver/Src/stm32f3xx_hal_tim.c.obj
                0x08009ea0                HAL_TIM_Encoder_Init
 .text.HAL_TIM_Encoder_Start
                0x08009fec      0x11c cmake/stm32cubemx/CMakeFiles/STM32_Drivers.dir/__/__/Drivers/STM32F3xx_HAL_Driver/Src/stm32f3xx_hal_tim.c.obj
                0x08009fec                HAL_TIM_Encoder_Start
 .text.HAL_TIM_PWM_ConfigChannel
                0x0800a108      0x228 cmake/stm32cubemx/CMakeFiles/STM32_Drivers.dir/__/__/Drivers/STM32F3xx_HAL_Driver/Src/stm32f3xx_hal_tim.c.obj
                0x0800a108                HAL_TIM_PWM_ConfigChannel
 .text.HAL_TIM_ConfigClockSource
                0x0800a330      0x192 cmake/stm32cubemx/CMakeFiles/STM32_Drivers.dir/__/__/Drivers/STM32F3xx_HAL_Driver/Src/stm32f3xx_hal_tim.c.obj
                0x0800a330                HAL_TIM_ConfigClockSource
 *fill*         0x0800a4c2        0x2 
 .text.TIM_Base_SetConfig
                0x0800a4c4      0x108 cmake/stm32cubemx/CMakeFiles/STM32_Drivers.dir/__/__/Drivers/STM32F3xx_HAL_Driver/Src/stm32f3xx_hal_tim.c.obj
                0x0800a4c4                TIM_Base_SetConfig
 .text.TIM_OC1_SetConfig
                0x0800a5cc      0x10c cmake/stm32cubemx/CMakeFiles/STM32_Drivers.dir/__/__/Drivers/STM32F3xx_HAL_Driver/Src/stm32f3xx_hal_tim.c.obj
 .text.TIM_OC2_SetConfig
                0x0800a6d8      0x100 cmake/stm32cubemx/CMakeFiles/STM32_Drivers.dir/__/__/Drivers/STM32F3xx_HAL_Driver/Src/stm32f3xx_hal_tim.c.obj
                0x0800a6d8                TIM_OC2_SetConfig
 .text.TIM_OC3_SetConfig
                0x0800a7d8       0xfc cmake/stm32cubemx/CMakeFiles/STM32_Drivers.dir/__/__/Drivers/STM32F3xx_HAL_Driver/Src/stm32f3xx_hal_tim.c.obj
 .text.TIM_OC4_SetConfig
                0x0800a8d4       0xc8 cmake/stm32cubemx/CMakeFiles/STM32_Drivers.dir/__/__/Drivers/STM32F3xx_HAL_Driver/Src/stm32f3xx_hal_tim.c.obj
 .text.TIM_OC5_SetConfig
                0x0800a99c       0xbc cmake/stm32cubemx/CMakeFiles/STM32_Drivers.dir/__/__/Drivers/STM32F3xx_HAL_Driver/Src/stm32f3xx_hal_tim.c.obj
 .text.TIM_OC6_SetConfig
                0x0800aa58       0xc0 cmake/stm32cubemx/CMakeFiles/STM32_Drivers.dir/__/__/Drivers/STM32F3xx_HAL_Driver/Src/stm32f3xx_hal_tim.c.obj
 .text.TIM_TI1_ConfigInputStage
                0x0800ab18       0x5e cmake/stm32cubemx/CMakeFiles/STM32_Drivers.dir/__/__/Drivers/STM32F3xx_HAL_Driver/Src/stm32f3xx_hal_tim.c.obj
 .text.TIM_TI2_ConfigInputStage
                0x0800ab76       0x60 cmake/stm32cubemx/CMakeFiles/STM32_Drivers.dir/__/__/Drivers/STM32F3xx_HAL_Driver/Src/stm32f3xx_hal_tim.c.obj
 .text.TIM_ITRx_SetConfig
                0x0800abd6       0x36 cmake/stm32cubemx/CMakeFiles/STM32_Drivers.dir/__/__/Drivers/STM32F3xx_HAL_Driver/Src/stm32f3xx_hal_tim.c.obj
 .text.TIM_ETR_SetConfig
                0x0800ac0c       0x40 cmake/stm32cubemx/CMakeFiles/STM32_Drivers.dir/__/__/Drivers/STM32F3xx_HAL_Driver/Src/stm32f3xx_hal_tim.c.obj
                0x0800ac0c                TIM_ETR_SetConfig
 .text.TIM_CCxChannelCmd
                0x0800ac4c       0x4a cmake/stm32cubemx/CMakeFiles/STM32_Drivers.dir/__/__/Drivers/STM32F3xx_HAL_Driver/Src/stm32f3xx_hal_tim.c.obj
                0x0800ac4c                TIM_CCxChannelCmd
 *fill*         0x0800ac96        0x2 
 .text.HAL_TIMEx_MasterConfigSynchronization
                0x0800ac98       0xdc cmake/stm32cubemx/CMakeFiles/STM32_Drivers.dir/__/__/Drivers/STM32F3xx_HAL_Driver/Src/stm32f3xx_hal_tim_ex.c.obj
                0x0800ac98                HAL_TIMEx_MasterConfigSynchronization
 .text.HAL_TIMEx_ConfigBreakDeadTime
                0x0800ad74       0xf0 cmake/stm32cubemx/CMakeFiles/STM32_Drivers.dir/__/__/Drivers/STM32F3xx_HAL_Driver/Src/stm32f3xx_hal_tim_ex.c.obj
                0x0800ad74                HAL_TIMEx_ConfigBreakDeadTime
 .text.HAL_UART_Init
                0x0800ae64       0x9c cmake/stm32cubemx/CMakeFiles/STM32_Drivers.dir/__/__/Drivers/STM32F3xx_HAL_Driver/Src/stm32f3xx_hal_uart.c.obj
                0x0800ae64                HAL_UART_Init
 .text.HAL_UART_Transmit
                0x0800af00      0x112 cmake/stm32cubemx/CMakeFiles/STM32_Drivers.dir/__/__/Drivers/STM32F3xx_HAL_Driver/Src/stm32f3xx_hal_uart.c.obj
                0x0800af00                HAL_UART_Transmit
 *fill*         0x0800b012        0x2 
 .text.UART_SetConfig
                0x0800b014      0x26c cmake/stm32cubemx/CMakeFiles/STM32_Drivers.dir/__/__/Drivers/STM32F3xx_HAL_Driver/Src/stm32f3xx_hal_uart.c.obj
                0x0800b014                UART_SetConfig
 .text.UART_AdvFeatureConfig
                0x0800b280      0x144 cmake/stm32cubemx/CMakeFiles/STM32_Drivers.dir/__/__/Drivers/STM32F3xx_HAL_Driver/Src/stm32f3xx_hal_uart.c.obj
                0x0800b280                UART_AdvFeatureConfig
 .text.UART_CheckIdleState
                0x0800b3c4      0x150 cmake/stm32cubemx/CMakeFiles/STM32_Drivers.dir/__/__/Drivers/STM32F3xx_HAL_Driver/Src/stm32f3xx_hal_uart.c.obj
                0x0800b3c4                UART_CheckIdleState
 .text.UART_WaitOnFlagUntilTimeout
                0x0800b514       0xda cmake/stm32cubemx/CMakeFiles/STM32_Drivers.dir/__/__/Drivers/STM32F3xx_HAL_Driver/Src/stm32f3xx_hal_uart.c.obj
                0x0800b514                UART_WaitOnFlagUntilTimeout
 .text.UART_EndRxTransfer
                0x0800b5ee       0xc8 cmake/stm32cubemx/CMakeFiles/STM32_Drivers.dir/__/__/Drivers/STM32F3xx_HAL_Driver/Src/stm32f3xx_hal_uart.c.obj
 *(.glue_7)
 .glue_7        0x0800b6b6        0x0 linker stubs
 *(.glue_7t)
 .glue_7t       0x0800b6b6        0x0 linker stubs
 *(.eh_frame)
 *fill*         0x0800b6b6        0x2 
 .eh_frame      0x0800b6b8        0x0 /usr/lib/gcc/arm-none-eabi/13.2.1/thumb/v7e-m+fp/hard/crtbegin.o
 *(.init)
 .init          0x0800b6b8        0x4 /usr/lib/gcc/arm-none-eabi/13.2.1/thumb/v7e-m+fp/hard/crti.o
                0x0800b6b8                _init
 .init          0x0800b6bc        0x8 /usr/lib/gcc/arm-none-eabi/13.2.1/thumb/v7e-m+fp/hard/crtn.o
 *(.fini)
 .fini          0x0800b6c4        0x4 /usr/lib/gcc/arm-none-eabi/13.2.1/thumb/v7e-m+fp/hard/crti.o
                0x0800b6c4                _fini
 .fini          0x0800b6c8        0x8 /usr/lib/gcc/arm-none-eabi/13.2.1/thumb/v7e-m+fp/hard/crtn.o
                0x0800b6d0                        . = ALIGN (0x4)
                0x0800b6d0                        _etext = .

.vfp11_veneer   0x0800b6d0        0x0
 .vfp11_veneer  0x0800b6d0        0x0 linker stubs

.v4_bx          0x0800b6d0        0x0
 .v4_bx         0x0800b6d0        0x0 linker stubs

.iplt           0x0800b6d0        0x0
 .iplt          0x0800b6d0        0x0 /usr/lib/gcc/arm-none-eabi/13.2.1/thumb/v7e-m+fp/hard/crtbegin.o

.rodata         0x0800b6d0      0x564
                0x0800b6d0                        . = ALIGN (0x4)
 *(.rodata)
 .rodata        0x0800b6d0      0x1a1 CMakeFiles/passive_cool.dir/Core/Src/main.c.obj
 *fill*         0x0800b871        0x3 
 .rodata        0x0800b874       0x20 CMakeFiles/passive_cool.dir/Core/Src/servo.c.obj
 *fill*         0x0800b894        0x4 
 .rodata        0x0800b898      0x128 /usr/lib/gcc/arm-none-eabi/13.2.1/../../../arm-none-eabi/lib/thumb/v7e-m+fp/hard/libg_nano.a(libc_a-mprec.o)
                0x0800b8a8                __mprec_tens
                0x0800b970                __mprec_tinytens
                0x0800b998                __mprec_bigtens
 .rodata        0x0800b9c0      0x101 /usr/lib/gcc/arm-none-eabi/13.2.1/../../../arm-none-eabi/lib/thumb/v7e-m+fp/hard/libg_nano.a(libc_a-ctype_.o)
                0x0800b9c0                _ctype_
 *(.rodata*)
 *fill*         0x0800bac1        0x3 
 .rodata.AHBPrescTable
                0x0800bac4       0x10 cmake/stm32cubemx/CMakeFiles/STM32_Drivers.dir/__/__/Core/Src/system_stm32f3xx.c.obj
                0x0800bac4                AHBPrescTable
 .rodata.APBPrescTable
                0x0800bad4        0x8 cmake/stm32cubemx/CMakeFiles/STM32_Drivers.dir/__/__/Core/Src/system_stm32f3xx.c.obj
                0x0800bad4                APBPrescTable
 .rodata.aPLLMULFactorTable
                0x0800badc       0x10 cmake/stm32cubemx/CMakeFiles/STM32_Drivers.dir/__/__/Drivers/STM32F3xx_HAL_Driver/Src/stm32f3xx_hal_rcc.c.obj
 .rodata.aPredivFactorTable
                0x0800baec       0x10 cmake/stm32cubemx/CMakeFiles/STM32_Drivers.dir/__/__/Drivers/STM32F3xx_HAL_Driver/Src/stm32f3xx_hal_rcc.c.obj
 .rodata.str1.4
                0x0800bafc      0x136 /usr/lib/gcc/arm-none-eabi/13.2.1/../../../arm-none-eabi/lib/thumb/v7e-m+fp/hard/libg_nano.a(libc_a-nano-vfprintf_float.o)
                                 0x12 (size before relaxing)
 .rodata.str1.4
                0x0800bc32       0x69 /usr/lib/gcc/arm-none-eabi/13.2.1/../../../arm-none-eabi/lib/thumb/v7e-m+fp/hard/libg_nano.a(libc_a-dtoa.o)
 .rodata.str1.4
                0x0800bc32       0x25 /usr/lib/gcc/arm-none-eabi/13.2.1/../../../arm-none-eabi/lib/thumb/v7e-m+fp/hard/libg_nano.a(libc_a-nano-vfprintf_i.o)
 .rodata.str1.4
                0x0800bc32       0x13 /usr/lib/gcc/arm-none-eabi/13.2.1/../../../arm-none-eabi/lib/thumb/v7e-m+fp/hard/libg_nano.a(libc_a-nano-vfprintf.o)
 .rodata.str1.4
                0x0800bc32       0x43 /usr/lib/gcc/arm-none-eabi/13.2.1/../../../arm-none-eabi/lib/thumb/v7e-m+fp/hard/libg_nano.a(libc_a-assert.o)
 .rodata.str1.4
                0x0800bc32       0x59 /usr/lib/gcc/arm-none-eabi/13.2.1/../../../arm-none-eabi/lib/thumb/v7e-m+fp/hard/libg_nano.a(libc_a-mprec.o)
 .rodata.str1.4
                0x0800bc32       0x12 /usr/lib/gcc/arm-none-eabi/13.2.1/../../../arm-none-eabi/lib/thumb/v7e-m+fp/hard/libg_nano.a(libc_a-locale.o)
                0x0800bc9c                        . = ALIGN (0x4)
 *fill*         0x0800bc32        0x2 

.ARM.extab      0x0800bc34        0x0
                0x0800bc34                        . = ALIGN (0x4)
 *(.ARM.extab* .gnu.linkonce.armextab.*)
                0x0800bc34                        . = ALIGN (0x4)

.ARM            0x0800bc34        0x8
                0x0800bc34                        . = ALIGN (0x4)
                0x0800bc34                        __exidx_start = .
 *(.ARM.exidx*)
 .ARM.exidx     0x0800bc34        0x8 /usr/lib/gcc/arm-none-eabi/13.2.1/../../../arm-none-eabi/lib/thumb/v7e-m+fp/hard/libg_nano.a(libc_a-memcpy.o)
 .ARM.exidx     0x0800bc3c        0x0 /usr/lib/gcc/arm-none-eabi/13.2.1/../../../arm-none-eabi/lib/thumb/v7e-m+fp/hard/libg_nano.a(libc_a-strlen.o)
                                  0x8 (size before relaxing)
 .ARM.exidx     0x0800bc3c        0x0 /usr/lib/gcc/arm-none-eabi/13.2.1/../../../arm-none-eabi/lib/thumb/v7e-m+fp/hard/libg_nano.a(libc_a-memchr.o)
                                  0x8 (size before relaxing)
                0x0800bc3c                        __exidx_end = .
                0x0800bc3c                        . = ALIGN (0x4)

.preinit_array  0x0800bc3c        0x0
                0x0800bc3c                        . = ALIGN (0x4)
                0x0800bc3c                        PROVIDE (__preinit_array_start = .)
 *(.preinit_array*)
                0x0800bc3c                        PROVIDE (__preinit_array_end = .)
                0x0800bc3c                        . = ALIGN (0x4)

.init_array     0x0800bc3c        0x4
                0x0800bc3c                        . = ALIGN (0x4)
                0x0800bc3c                        PROVIDE (__init_array_start = .)
 *(SORT_BY_NAME(.init_array.*))
 *(.init_array*)
 .init_array    0x0800bc3c        0x4 /usr/lib/gcc/arm-none-eabi/13.2.1/thumb/v7e-m+fp/hard/crtbegin.o
                0x0800bc40                        PROVIDE (__init_array_end = .)
                0x0800bc40                        . = ALIGN (0x4)

.fini_array     0x0800bc40        0x4
                0x0800bc40                        . = ALIGN (0x4)
                0x0800bc40                        PROVIDE (__fini_array_start = .)
 *(SORT_BY_NAME(.fini_array.*))
 *(.fini_array*)
 .fini_array    0x0800bc40        0x4 /usr/lib/gcc/arm-none-eabi/13.2.1/thumb/v7e-m+fp/hard/crtbegin.o
                0x0800bc44                        PROVIDE (__fini_array_end = .)
                0x0800bc44                        . = ALIGN (0x4)
                0x0800bc44                        _siccmram = LOADADDR (.ccmram)

.rel.dyn        0x0800bc44        0x0
 .rel.iplt      0x0800bc44        0x0 /usr/lib/gcc/arm-none-eabi/13.2.1/thumb/v7e-m+fp/hard/crtbegin.o

.ccmram         0x10000000        0x0 load address 0x0800bc44
                0x10000000                        . = ALIGN (0x4)
                0x10000000                        _sccmram = .
 *(.ccmram)
 *(.ccmram*)
                0x10000000                        . = ALIGN (0x4)
                0x10000000                        _eccmram = .
                0x0800bc44                        _sidata = LOADADDR (.data)

.data           0x20000000      0x1dc load address 0x0800bc44
                0x20000000                        . = ALIGN (0x4)
                0x20000000                        _sdata = .
 *(.data)
 .data          0x20000000        0xc /usr/lib/gcc/arm-none-eabi/13.2.1/../../../arm-none-eabi/lib/thumb/v7e-m+fp/hard/libg_nano.a(libc_a-findfp.o)
                0x20000000                __sglue
 .data          0x2000000c       0x50 /usr/lib/gcc/arm-none-eabi/13.2.1/../../../arm-none-eabi/lib/thumb/v7e-m+fp/hard/libg_nano.a(libc_a-impure.o)
                0x2000000c                _impure_ptr
                0x20000010                _impure_data
 .data          0x2000005c      0x16c /usr/lib/gcc/arm-none-eabi/13.2.1/../../../arm-none-eabi/lib/thumb/v7e-m+fp/hard/libg_nano.a(libc_a-locale.o)
                0x2000005c                __global_locale
 *(.data*)
 .data.btn_raw_last
                0x200001c8        0x1 CMakeFiles/passive_cool.dir/Core/Src/encoder.c.obj
 .data.btn_debounced
                0x200001c9        0x1 CMakeFiles/passive_cool.dir/Core/Src/encoder.c.obj
 *fill*         0x200001ca        0x2 
 .data.accumulated_angle
                0x200001cc        0x4 CMakeFiles/passive_cool.dir/Core/Src/encoder.c.obj
 .data.SystemCoreClock
                0x200001d0        0x4 cmake/stm32cubemx/CMakeFiles/STM32_Drivers.dir/__/__/Core/Src/system_stm32f3xx.c.obj
                0x200001d0                SystemCoreClock
 .data.uwTickPrio
                0x200001d4        0x4 cmake/stm32cubemx/CMakeFiles/STM32_Drivers.dir/__/__/Drivers/STM32F3xx_HAL_Driver/Src/stm32f3xx_hal.c.obj
                0x200001d4                uwTickPrio
 .data.uwTickFreq
                0x200001d8        0x1 cmake/stm32cubemx/CMakeFiles/STM32_Drivers.dir/__/__/Drivers/STM32F3xx_HAL_Driver/Src/stm32f3xx_hal.c.obj
                0x200001d8                uwTickFreq
 *(.RamFunc)
 *(.RamFunc*)
                0x200001dc                        . = ALIGN (0x4)
 *fill*         0x200001d9        0x3 

.tm_clone_table
                0x200001dc        0x0 load address 0x0800be20
 .tm_clone_table
                0x200001dc        0x0 /usr/lib/gcc/arm-none-eabi/13.2.1/thumb/v7e-m+fp/hard/crtbegin.o
 .tm_clone_table
                0x200001dc        0x0 /usr/lib/gcc/arm-none-eabi/13.2.1/thumb/v7e-m+fp/hard/crtend.o

.igot.plt       0x200001dc        0x0 load address 0x0800be20
 .igot.plt      0x200001dc        0x0 /usr/lib/gcc/arm-none-eabi/13.2.1/thumb/v7e-m+fp/hard/crtbegin.o

.tdata          0x200001dc        0x0 load address 0x0800be20
 *(.tdata .tdata.* .gnu.linkonce.td.*)
                0x200001dc                        . = ALIGN (0x4)
                0x200001dc                        _edata = .
                [!provide]                        PROVIDE (__data_end = .)
                [!provide]                        PROVIDE (__tdata_end = .)
                [!provide]                        PROVIDE (__tdata_start = ADDR (.tdata))
                [!provide]                        PROVIDE (__tdata_size = (__tdata_end - __tdata_start))
                [!provide]                        PROVIDE (__data_start = ADDR (.data))
                [!provide]                        PROVIDE (__data_size = (__data_end - __data_start))
                [!provide]                        PROVIDE (__tdata_source = LOADADDR (.tdata))
                [!provide]                        PROVIDE (__tdata_source_end = (LOADADDR (.tdata) + SIZEOF (.tdata)))
                [!provide]                        PROVIDE (__tdata_source_size = (__tdata_source_end - __tdata_source))
                [!provide]                        PROVIDE (__data_source = LOADADDR (.data))
                [!provide]                        PROVIDE (__data_source_end = __tdata_source_end)
                [!provide]                        PROVIDE (__data_source_size = (__data_source_end - __data_source))

.tbss           0x200001dc        0x0 load address 0x0800be20
                0x200001dc                        _sbss = .
                0x200001dc                        __bss_start__ = _sbss
 *(.tbss .tbss.*)
                0x200001dc                        . = ALIGN (0x4)
                [!provide]                        PROVIDE (__tbss_end = .)
                [!provide]                        PROVIDE (__tbss_start = ADDR (.tbss))
                [!provide]                        PROVIDE (__tbss_size = (__tbss_end - __tbss_start))
                [!provide]                        PROVIDE (__tbss_offset = (ADDR (.tbss) - ADDR (.tdata)))
                [!provide]                        PROVIDE (__tls_base = __tdata_start)
                [!provide]                        PROVIDE (__tls_end = __tbss_end)
                [!provide]                        PROVIDE (__tls_size = (__tls_end - __tls_base))
                [!provide]                        PROVIDE (__tls_align = MAX (ALIGNOF (.tdata), ALIGNOF (.tbss)))
                [!provide]                        PROVIDE (__tls_size_align = (((__tls_size + __tls_align) - 0x1) & ~ ((__tls_align - 0x1))))
                [!provide]                        PROVIDE (__arm32_tls_tcb_offset = MAX (0x8, __tls_align))
                [!provide]                        PROVIDE (__arm64_tls_tcb_offset = MAX (0x10, __tls_align))

.bss            0x200001dc      0x3f0 load address 0x0800be20
 *(.bss)
 .bss           0x200001dc       0x1c /usr/lib/gcc/arm-none-eabi/13.2.1/thumb/v7e-m+fp/hard/crtbegin.o
 .bss           0x200001f8      0x13c /usr/lib/gcc/arm-none-eabi/13.2.1/../../../arm-none-eabi/lib/thumb/v7e-m+fp/hard/libg_nano.a(libc_a-findfp.o)
                0x200001f8                __sf
                0x20000330                __stdio_exit_handler
 .bss           0x20000334        0x8 /usr/lib/gcc/arm-none-eabi/13.2.1/../../../arm-none-eabi/lib/thumb/v7e-m+fp/hard/libg_nano.a(libc_a-mallocr.o)
                0x20000334                __malloc_sbrk_start
                0x20000338                __malloc_free_list
 .bss           0x2000033c        0x4 /usr/lib/gcc/arm-none-eabi/13.2.1/../../../arm-none-eabi/lib/thumb/v7e-m+fp/hard/libg_nano.a(libc_a-reent.o)
                0x2000033c                errno
 *(.bss*)
 .bss.bme1      0x20000340       0x38 CMakeFiles/passive_cool.dir/Core/Src/main.c.obj
                0x20000340                bme1
 .bss.bme2      0x20000378       0x38 CMakeFiles/passive_cool.dir/Core/Src/main.c.obj
                0x20000378                bme2
 .bss.data1     0x200003b0        0xc CMakeFiles/passive_cool.dir/Core/Src/main.c.obj
                0x200003b0                data1
 .bss.data2     0x200003bc        0xc CMakeFiles/passive_cool.dir/Core/Src/main.c.obj
                0x200003bc                data2
 .bss.hi2c1     0x200003c8       0x54 CMakeFiles/passive_cool.dir/Core/Src/i2c.c.obj
                0x200003c8                hi2c1
 .bss.hspi1     0x2000041c       0x64 CMakeFiles/passive_cool.dir/Core/Src/spi.c.obj
                0x2000041c                hspi1
 .bss.htim1     0x20000480       0x4c CMakeFiles/passive_cool.dir/Core/Src/tim.c.obj
                0x20000480                htim1
 .bss.htim3     0x200004cc       0x4c CMakeFiles/passive_cool.dir/Core/Src/tim.c.obj
                0x200004cc                htim3
 .bss.huart2    0x20000518       0x88 CMakeFiles/passive_cool.dir/Core/Src/usart.c.obj
                0x20000518                huart2
 .bss.cnt.0     0x200005a0        0x4 CMakeFiles/passive_cool.dir/Core/Src/stm32f3xx_it.c.obj
 .bss.__sbrk_heap_end
                0x200005a4        0x4 CMakeFiles/passive_cool.dir/Core/Src/sysmem.c.obj
 .bss.servo_htim
                0x200005a8        0x4 CMakeFiles/passive_cool.dir/Core/Src/servo.c.obj
 .bss.servo_current_q8
                0x200005ac        0x4 CMakeFiles/passive_cool.dir/Core/Src/servo.c.obj
 .bss.servo_target_q8
                0x200005b0        0x4 CMakeFiles/passive_cool.dir/Core/Src/servo.c.obj
 .bss.servo_damping_active
                0x200005b4        0x1 CMakeFiles/passive_cool.dir/Core/Src/servo.c.obj
 *fill*         0x200005b5        0x3 
 .bss.encoder_htim
                0x200005b8        0x4 CMakeFiles/passive_cool.dir/Core/Src/encoder.c.obj
 .bss.current_mode
                0x200005bc        0x1 CMakeFiles/passive_cool.dir/Core/Src/encoder.c.obj
 .bss.mode_changed
                0x200005bd        0x1 CMakeFiles/passive_cool.dir/Core/Src/encoder.c.obj
 *fill*         0x200005be        0x2 
 .bss.btn_change_tick
                0x200005c0        0x4 CMakeFiles/passive_cool.dir/Core/Src/encoder.c.obj
 .bss.last_counter
                0x200005c4        0x4 CMakeFiles/passive_cool.dir/Core/Src/encoder.c.obj
 .bss.uwTick    0x200005c8        0x4 cmake/stm32cubemx/CMakeFiles/STM32_Drivers.dir/__/__/Drivers/STM32F3xx_HAL_Driver/Src/stm32f3xx_hal.c.obj
                0x200005c8                uwTick
 *(COMMON)
                0x200005cc                        . = ALIGN (0x4)
                0x200005cc                        _ebss = .
                0x200005cc                        __bss_end__ = _ebss
                [!provide]                        PROVIDE (__bss_end = .)
                [!provide]                        PROVIDE (__non_tls_bss_start = ADDR (.bss))
                [!provide]                        PROVIDE (__bss_start = __tbss_start)
                [!provide]                        PROVIDE (__bss_size = (__bss_end - __bss_start))

._user_heap_stack
                0x200005cc      0x604 load address 0x0800be20
                0x200005d0                        . = ALIGN (0x8)
 *fill*         0x200005cc        0x4 
                [!provide]                        PROVIDE (end = .)
                0x200005d0                        PROVIDE (_end = .)
                0x200007d0                        . = (. + _Min_Heap_Size)
 *fill*         0x200005d0      0x200 
                0x20000bd0                        . = (. + _Min_Stack_Size)
 *fill*         0x200007d0      0x400 
                0x20000bd0                        . = ALIGN (0x8)

/DISCARD/
 libc.a:*(*)
 libm.a:*(*)
 libgcc.a:*(*)
OUTPUT(passive_cool.elf elf32-littlearm)
LOAD linker stubs

.ARM.attributes
                0x00000000       0x30
 .ARM.attributes
                0x00000000       0x22 /usr/lib/gcc/arm-none-eabi/13.2.1/thumb/v7e-m+fp/hard/crti.o
 .ARM.attributes
                0x00000022       0x34 /usr/lib/gcc/arm-none-eabi/13.2.1/thumb/v7e-m+fp/hard/crtbegin.o
 .ARM.attributes
                0x00000056       0x34 CMakeFiles/passive_cool.dir/Core/Src/main.c.obj
 .ARM.attributes
                0x0000008a       0x34 CMakeFiles/passive_cool.dir/Core/Src/gpio.c.obj
 .ARM.attributes
                0x000000be       0x34 CMakeFiles/passive_cool.dir/Core/Src/i2c.c.obj
 .ARM.attributes
                0x000000f2       0x34 CMakeFiles/passive_cool.dir/Core/Src/bme280.c.obj
 .ARM.attributes
                0x00000126       0x34 CMakeFiles/passive_cool.dir/Core/Src/spi.c.obj
 .ARM.attributes
                0x0000015a       0x34 CMakeFiles/passive_cool.dir/Core/Src/tim.c.obj
 .ARM.attributes
                0x0000018e       0x34 CMakeFiles/passive_cool.dir/Core/Src/usart.c.obj
 .ARM.attributes
                0x000001c2       0x34 CMakeFiles/passive_cool.dir/Core/Src/stm32f3xx_it.c.obj
 .ARM.attributes
                0x000001f6       0x34 CMakeFiles/passive_cool.dir/Core/Src/stm32f3xx_hal_msp.c.obj
 .ARM.attributes
                0x0000022a       0x34 CMakeFiles/passive_cool.dir/Core/Src/sysmem.c.obj
 .ARM.attributes
                0x0000025e       0x34 CMakeFiles/passive_cool.dir/Core/Src/syscalls.c.obj
 .ARM.attributes
                0x00000292       0x21 CMakeFiles/passive_cool.dir/startup_stm32f303x8.s.obj
 .ARM.attributes
                0x000002b3       0x34 CMakeFiles/passive_cool.dir/Core/Src/servo.c.obj
 .ARM.attributes
                0x000002e7       0x34 CMakeFiles/passive_cool.dir/Core/Src/encoder.c.obj
 .ARM.attributes
                0x0000031b       0x34 cmake/stm32cubemx/CMakeFiles/STM32_Drivers.dir/__/__/Core/Src/system_stm32f3xx.c.obj
 .ARM.attributes
                0x0000034f       0x34 cmake/stm32cubemx/CMakeFiles/STM32_Drivers.dir/__/__/Drivers/STM32F3xx_HAL_Driver/Src/stm32f3xx_hal_i2c.c.obj
 .ARM.attributes
                0x00000383       0x34 cmake/stm32cubemx/CMakeFiles/STM32_Drivers.dir/__/__/Drivers/STM32F3xx_HAL_Driver/Src/stm32f3xx_hal_i2c_ex.c.obj
 .ARM.attributes
                0x000003b7       0x34 cmake/stm32cubemx/CMakeFiles/STM32_Drivers.dir/__/__/Drivers/STM32F3xx_HAL_Driver/Src/stm32f3xx_hal.c.obj
 .ARM.attributes
                0x000003eb       0x34 cmake/stm32cubemx/CMakeFiles/STM32_Drivers.dir/__/__/Drivers/STM32F3xx_HAL_Driver/Src/stm32f3xx_hal_rcc.c.obj
 .ARM.attributes
                0x0000041f       0x34 cmake/stm32cubemx/CMakeFiles/STM32_Drivers.dir/__/__/Drivers/STM32F3xx_HAL_Driver/Src/stm32f3xx_hal_rcc_ex.c.obj
 .ARM.attributes
                0x00000453       0x34 cmake/stm32cubemx/CMakeFiles/STM32_Drivers.dir/__/__/Drivers/STM32F3xx_HAL_Driver/Src/stm32f3xx_hal_gpio.c.obj
 .ARM.attributes
                0x00000487       0x34 cmake/stm32cubemx/CMakeFiles/STM32_Drivers.dir/__/__/Drivers/STM32F3xx_HAL_Driver/Src/stm32f3xx_hal_cortex.c.obj
 .ARM.attributes
                0x000004bb       0x34 cmake/stm32cubemx/CMakeFiles/STM32_Drivers.dir/__/__/Drivers/STM32F3xx_HAL_Driver/Src/stm32f3xx_hal_spi.c.obj
 .ARM.attributes
                0x000004ef       0x34 cmake/stm32cubemx/CMakeFiles/STM32_Drivers.dir/__/__/Drivers/STM32F3xx_HAL_Driver/Src/stm32f3xx_hal_tim.c.obj
 .ARM.attributes
                0x00000523       0x34 cmake/stm32cubemx/CMakeFiles/STM32_Drivers.dir/__/__/Drivers/STM32F3xx_HAL_Driver/Src/stm32f3xx_hal_tim_ex.c.obj
 .ARM.attributes
                0x00000557       0x34 cmake/stm32cubemx/CMakeFiles/STM32_Drivers.dir/__/__/Drivers/STM32F3xx_HAL_Driver/Src/stm32f3xx_hal_uart.c.obj
 .ARM.attributes
                0x0000058b       0x22 /usr/lib/gcc/arm-none-eabi/13.2.1/thumb/v7e-m+fp/hard/libgcc.a(_arm_addsubdf3.o)
 .ARM.attributes
                0x000005ad       0x22 /usr/lib/gcc/arm-none-eabi/13.2.1/thumb/v7e-m+fp/hard/libgcc.a(_arm_muldivdf3.o)
 .ARM.attributes
                0x000005cf       0x22 /usr/lib/gcc/arm-none-eabi/13.2.1/thumb/v7e-m+fp/hard/libgcc.a(_arm_cmpdf2.o)
 .ARM.attributes
                0x000005f1       0x22 /usr/lib/gcc/arm-none-eabi/13.2.1/thumb/v7e-m+fp/hard/libgcc.a(_arm_fixdfsi.o)
 .ARM.attributes
                0x00000613       0x22 /usr/lib/gcc/arm-none-eabi/13.2.1/thumb/v7e-m+fp/hard/libgcc.a(_arm_truncdfsf2.o)
 .ARM.attributes
                0x00000635       0x34 /usr/lib/gcc/arm-none-eabi/13.2.1/../../../arm-none-eabi/lib/thumb/v7e-m+fp/hard/libg_nano.a(libc_a-init.o)
 .ARM.attributes
                0x00000669       0x34 /usr/lib/gcc/arm-none-eabi/13.2.1/../../../arm-none-eabi/lib/thumb/v7e-m+fp/hard/libg_nano.a(libc_a-puts.o)
 .ARM.attributes
                0x0000069d       0x34 /usr/lib/gcc/arm-none-eabi/13.2.1/../../../arm-none-eabi/lib/thumb/v7e-m+fp/hard/libg_nano.a(libc_a-findfp.o)
 .ARM.attributes
                0x000006d1       0x34 /usr/lib/gcc/arm-none-eabi/13.2.1/../../../arm-none-eabi/lib/thumb/v7e-m+fp/hard/libg_nano.a(libc_a-memset.o)
 .ARM.attributes
                0x00000705       0x34 /usr/lib/gcc/arm-none-eabi/13.2.1/../../../arm-none-eabi/lib/thumb/v7e-m+fp/hard/libg_nano.a(libc_a-fflush.o)
 .ARM.attributes
                0x00000739       0x34 /usr/lib/gcc/arm-none-eabi/13.2.1/../../../arm-none-eabi/lib/thumb/v7e-m+fp/hard/libg_nano.a(libc_a-errno.o)
 .ARM.attributes
                0x0000076d       0x34 /usr/lib/gcc/arm-none-eabi/13.2.1/../../../arm-none-eabi/lib/thumb/v7e-m+fp/hard/libg_nano.a(libc_a-nano-vfprintf_float.o)
 .ARM.attributes
                0x000007a1       0x34 /usr/lib/gcc/arm-none-eabi/13.2.1/../../../arm-none-eabi/lib/thumb/v7e-m+fp/hard/libg_nano.a(libc_a-mallocr.o)
 .ARM.attributes
                0x000007d5       0x34 /usr/lib/gcc/arm-none-eabi/13.2.1/../../../arm-none-eabi/lib/thumb/v7e-m+fp/hard/libg_nano.a(libc_a-dtoa.o)
 .ARM.attributes
                0x00000809       0x34 /usr/lib/gcc/arm-none-eabi/13.2.1/../../../arm-none-eabi/lib/thumb/v7e-m+fp/hard/libg_nano.a(libc_a-freer.o)
 .ARM.attributes
                0x0000083d       0x34 /usr/lib/gcc/arm-none-eabi/13.2.1/../../../arm-none-eabi/lib/thumb/v7e-m+fp/hard/libg_nano.a(libc_a-fwalk.o)
 .ARM.attributes
                0x00000871       0x34 /usr/lib/gcc/arm-none-eabi/13.2.1/../../../arm-none-eabi/lib/thumb/v7e-m+fp/hard/libg_nano.a(libc_a-wsetup.o)
 .ARM.attributes
                0x000008a5       0x20 /usr/lib/gcc/arm-none-eabi/13.2.1/../../../arm-none-eabi/lib/thumb/v7e-m+fp/hard/libg_nano.a(libc_a-memcpy.o)
 .ARM.attributes
                0x000008c5       0x34 /usr/lib/gcc/arm-none-eabi/13.2.1/../../../arm-none-eabi/lib/thumb/v7e-m+fp/hard/libg_nano.a(libc_a-malloc.o)
 .ARM.attributes
                0x000008f9       0x34 /usr/lib/gcc/arm-none-eabi/13.2.1/../../../arm-none-eabi/lib/thumb/v7e-m+fp/hard/libg_nano.a(libc_a-nano-vfprintf_i.o)
 .ARM.attributes
                0x0000092d       0x34 /usr/lib/gcc/arm-none-eabi/13.2.1/../../../arm-none-eabi/lib/thumb/v7e-m+fp/hard/libg_nano.a(libc_a-mlock.o)
 .ARM.attributes
                0x00000961       0x34 /usr/lib/gcc/arm-none-eabi/13.2.1/../../../arm-none-eabi/lib/thumb/v7e-m+fp/hard/libg_nano.a(libc_a-makebuf.o)
 .ARM.attributes
                0x00000995       0x34 /usr/lib/gcc/arm-none-eabi/13.2.1/../../../arm-none-eabi/lib/thumb/v7e-m+fp/hard/libg_nano.a(libc_a-printf.o)
 .ARM.attributes
                0x000009c9       0x34 /usr/lib/gcc/arm-none-eabi/13.2.1/../../../arm-none-eabi/lib/thumb/v7e-m+fp/hard/libg_nano.a(libc_a-isattyr.o)
 .ARM.attributes
                0x000009fd       0x34 /usr/lib/gcc/arm-none-eabi/13.2.1/../../../arm-none-eabi/lib/thumb/v7e-m+fp/hard/libg_nano.a(libc_a-nano-vfprintf.o)
 .ARM.attributes
                0x00000a31       0x34 /usr/lib/gcc/arm-none-eabi/13.2.1/../../../arm-none-eabi/lib/thumb/v7e-m+fp/hard/libg_nano.a(libc_a-wbuf.o)
 .ARM.attributes
                0x00000a65       0x34 /usr/lib/gcc/arm-none-eabi/13.2.1/../../../arm-none-eabi/lib/thumb/v7e-m+fp/hard/libg_nano.a(libc_a-assert.o)
 .ARM.attributes
                0x00000a99       0x34 /usr/lib/gcc/arm-none-eabi/13.2.1/../../../arm-none-eabi/lib/thumb/v7e-m+fp/hard/libg_nano.a(libc_a-mprec.o)
 .ARM.attributes
                0x00000acd       0x34 /usr/lib/gcc/arm-none-eabi/13.2.1/../../../arm-none-eabi/lib/thumb/v7e-m+fp/hard/libg_nano.a(libc_a-sbrkr.o)
 .ARM.attributes
                0x00000b01       0x34 /usr/lib/gcc/arm-none-eabi/13.2.1/../../../arm-none-eabi/lib/thumb/v7e-m+fp/hard/libg_nano.a(libc_a-stdio.o)
 .ARM.attributes
                0x00000b35       0x34 /usr/lib/gcc/arm-none-eabi/13.2.1/../../../arm-none-eabi/lib/thumb/v7e-m+fp/hard/libg_nano.a(libc_a-impure.o)
 .ARM.attributes
                0x00000b69       0x34 /usr/lib/gcc/arm-none-eabi/13.2.1/../../../arm-none-eabi/lib/thumb/v7e-m+fp/hard/libg_nano.a(libc_a-localeconv.o)
 .ARM.attributes
                0x00000b9d       0x34 /usr/lib/gcc/arm-none-eabi/13.2.1/../../../arm-none-eabi/lib/thumb/v7e-m+fp/hard/libg_nano.a(libc_a-fvwrite.o)
 .ARM.attributes
                0x00000bd1       0x34 /usr/lib/gcc/arm-none-eabi/13.2.1/../../../arm-none-eabi/lib/thumb/v7e-m+fp/hard/libg_nano.a(libc_a-abort.o)
 .ARM.attributes
                0x00000c05       0x34 /usr/lib/gcc/arm-none-eabi/13.2.1/../../../arm-none-eabi/lib/thumb/v7e-m+fp/hard/libg_nano.a(libc_a-closer.o)
 .ARM.attributes
                0x00000c39       0x1c /usr/lib/gcc/arm-none-eabi/13.2.1/../../../arm-none-eabi/lib/thumb/v7e-m+fp/hard/libg_nano.a(libc_a-strlen.o)
 .ARM.attributes
                0x00000c55       0x34 /usr/lib/gcc/arm-none-eabi/13.2.1/../../../arm-none-eabi/lib/thumb/v7e-m+fp/hard/libg_nano.a(libc_a-callocr.o)
 .ARM.attributes
                0x00000c89       0x34 /usr/lib/gcc/arm-none-eabi/13.2.1/../../../arm-none-eabi/lib/thumb/v7e-m+fp/hard/libg_nano.a(libc_a-locale.o)
 .ARM.attributes
                0x00000cbd       0x34 /usr/lib/gcc/arm-none-eabi/13.2.1/../../../arm-none-eabi/lib/thumb/v7e-m+fp/hard/libg_nano.a(libc_a-memmove.o)
 .ARM.attributes
                0x00000cf1       0x34 /usr/lib/gcc/arm-none-eabi/13.2.1/../../../arm-none-eabi/lib/thumb/v7e-m+fp/hard/libg_nano.a(libc_a-wctomb_r.o)
 .ARM.attributes
                0x00000d25       0x1c /usr/lib/gcc/arm-none-eabi/13.2.1/../../../arm-none-eabi/lib/thumb/v7e-m+fp/hard/libg_nano.a(libc_a-memchr.o)
 .ARM.attributes
                0x00000d41       0x34 /usr/lib/gcc/arm-none-eabi/13.2.1/../../../arm-none-eabi/lib/thumb/v7e-m+fp/hard/libg_nano.a(libc_a-readr.o)
 .ARM.attributes
                0x00000d75       0x34 /usr/lib/gcc/arm-none-eabi/13.2.1/../../../arm-none-eabi/lib/thumb/v7e-m+fp/hard/libg_nano.a(libc_a-fprintf.o)
 .ARM.attributes
                0x00000da9       0x34 /usr/lib/gcc/arm-none-eabi/13.2.1/../../../arm-none-eabi/lib/thumb/v7e-m+fp/hard/libg_nano.a(libc_a-reent.o)
 .ARM.attributes
                0x00000ddd       0x34 /usr/lib/gcc/arm-none-eabi/13.2.1/../../../arm-none-eabi/lib/thumb/v7e-m+fp/hard/libg_nano.a(libc_a-reallocr.o)
 .ARM.attributes
                0x00000e11       0x34 /usr/lib/gcc/arm-none-eabi/13.2.1/../../../arm-none-eabi/lib/thumb/v7e-m+fp/hard/libg_nano.a(libc_a-fstatr.o)
 .ARM.attributes
                0x00000e45       0x34 /usr/lib/gcc/arm-none-eabi/13.2.1/../../../arm-none-eabi/lib/thumb/v7e-m+fp/hard/libg_nano.a(libc_a-lseekr.o)
 .ARM.attributes
                0x00000e79       0x34 /usr/lib/gcc/arm-none-eabi/13.2.1/../../../arm-none-eabi/lib/thumb/v7e-m+fp/hard/libg_nano.a(libc_a-ctype_.o)
 .ARM.attributes
                0x00000ead       0x34 /usr/lib/gcc/arm-none-eabi/13.2.1/../../../arm-none-eabi/lib/thumb/v7e-m+fp/hard/libg_nano.a(libc_a-writer.o)
 .ARM.attributes
                0x00000ee1       0x34 /usr/lib/gcc/arm-none-eabi/13.2.1/../../../arm-none-eabi/lib/thumb/v7e-m+fp/hard/libg_nano.a(libc_a-msizer.o)
 .ARM.attributes
                0x00000f15       0x34 /usr/lib/gcc/arm-none-eabi/13.2.1/../../../arm-none-eabi/lib/thumb/v7e-m+fp/hard/libg_nano.a(libc_a-mbtowc_r.o)
 .ARM.attributes
                0x00000f49       0x34 /usr/lib/gcc/arm-none-eabi/13.2.1/../../../arm-none-eabi/lib/thumb/v7e-m+fp/hard/libg_nano.a(libc_a-signal.o)
 .ARM.attributes
                0x00000f7d       0x34 /usr/lib/gcc/arm-none-eabi/13.2.1/../../../arm-none-eabi/lib/thumb/v7e-m+fp/hard/libg_nano.a(libc_a-signalr.o)
 .ARM.attributes
                0x00000fb1       0x22 /usr/lib/gcc/arm-none-eabi/13.2.1/thumb/v7e-m+fp/hard/libgcc.a(_arm_unorddf2.o)
 .ARM.attributes
                0x00000fd3       0x34 /usr/lib/gcc/arm-none-eabi/13.2.1/thumb/v7e-m+fp/hard/crtend.o
 .ARM.attributes
                0x00001007       0x22 /usr/lib/gcc/arm-none-eabi/13.2.1/thumb/v7e-m+fp/hard/crtn.o

.comment        0x00000000       0x26
 .comment       0x00000000       0x26 /usr/lib/gcc/arm-none-eabi/13.2.1/thumb/v7e-m+fp/hard/crtbegin.o
                                 0x27 (size before relaxing)
 .comment       0x00000026       0x27 CMakeFiles/passive_cool.dir/Core/Src/main.c.obj
 .comment       0x00000026       0x27 CMakeFiles/passive_cool.dir/Core/Src/gpio.c.obj
 .comment       0x00000026       0x27 CMakeFiles/passive_cool.dir/Core/Src/i2c.c.obj
 .comment       0x00000026       0x27 CMakeFiles/passive_cool.dir/Core/Src/bme280.c.obj
 .comment       0x00000026       0x27 CMakeFiles/passive_cool.dir/Core/Src/spi.c.obj
 .comment       0x00000026       0x27 CMakeFiles/passive_cool.dir/Core/Src/tim.c.obj
 .comment       0x00000026       0x27 CMakeFiles/passive_cool.dir/Core/Src/usart.c.obj
 .comment       0x00000026       0x27 CMakeFiles/passive_cool.dir/Core/Src/stm32f3xx_it.c.obj
 .comment       0x00000026       0x27 CMakeFiles/passive_cool.dir/Core/Src/stm32f3xx_hal_msp.c.obj
 .comment       0x00000026       0x27 CMakeFiles/passive_cool.dir/Core/Src/sysmem.c.obj
 .comment       0x00000026       0x27 CMakeFiles/passive_cool.dir/Core/Src/syscalls.c.obj
 .comment       0x00000026       0x27 CMakeFiles/passive_cool.dir/Core/Src/servo.c.obj
 .comment       0x00000026       0x27 CMakeFiles/passive_cool.dir/Core/Src/encoder.c.obj
 .comment       0x00000026       0x27 cmake/stm32cubemx/CMakeFiles/STM32_Drivers.dir/__/__/Core/Src/system_stm32f3xx.c.obj
 .comment       0x00000026       0x27 cmake/stm32cubemx/CMakeFiles/STM32_Drivers.dir/__/__/Drivers/STM32F3xx_HAL_Driver/Src/stm32f3xx_hal_i2c.c.obj
 .comment       0x00000026       0x27 cmake/stm32cubemx/CMakeFiles/STM32_Drivers.dir/__/__/Drivers/STM32F3xx_HAL_Driver/Src/stm32f3xx_hal_i2c_ex.c.obj
 .comment       0x00000026       0x27 cmake/stm32cubemx/CMakeFiles/STM32_Drivers.dir/__/__/Drivers/STM32F3xx_HAL_Driver/Src/stm32f3xx_hal.c.obj
 .comment       0x00000026       0x27 cmake/stm32cubemx/CMakeFiles/STM32_Drivers.dir/__/__/Drivers/STM32F3xx_HAL_Driver/Src/stm32f3xx_hal_rcc.c.obj
 .comment       0x00000026       0x27 cmake/stm32cubemx/CMakeFiles/STM32_Drivers.dir/__/__/Drivers/STM32F3xx_HAL_Driver/Src/stm32f3xx_hal_rcc_ex.c.obj
 .comment       0x00000026       0x27 cmake/stm32cubemx/CMakeFiles/STM32_Drivers.dir/__/__/Drivers/STM32F3xx_HAL_Driver/Src/stm32f3xx_hal_gpio.c.obj
 .comment       0x00000026       0x27 cmake/stm32cubemx/CMakeFiles/STM32_Drivers.dir/__/__/Drivers/STM32F3xx_HAL_Driver/Src/stm32f3xx_hal_cortex.c.obj
 .comment       0x00000026       0x27 cmake/stm32cubemx/CMakeFiles/STM32_Drivers.dir/__/__/Drivers/STM32F3xx_HAL_Driver/Src/stm32f3xx_hal_spi.c.obj
 .comment       0x00000026       0x27 cmake/stm32cubemx/CMakeFiles/STM32_Drivers.dir/__/__/Drivers/STM32F3xx_HAL_Driver/Src/stm32f3xx_hal_tim.c.obj
 .comment       0x00000026       0x27 cmake/stm32cubemx/CMakeFiles/STM32_Drivers.dir/__/__/Drivers/STM32F3xx_HAL_Driver/Src/stm32f3xx_hal_tim_ex.c.obj
 .comment       0x00000026       0x27 cmake/stm32cubemx/CMakeFiles/STM32_Drivers.dir/__/__/Drivers/STM32F3xx_HAL_Driver/Src/stm32f3xx_hal_uart.c.obj
 .comment       0x00000026       0x27 /usr/lib/gcc/arm-none-eabi/13.2.1/../../../arm-none-eabi/lib/thumb/v7e-m+fp/hard/libg_nano.a(libc_a-init.o)
 .comment       0x00000026       0x27 /usr/lib/gcc/arm-none-eabi/13.2.1/../../../arm-none-eabi/lib/thumb/v7e-m+fp/hard/libg_nano.a(libc_a-puts.o)
 .comment       0x00000026       0x27 /usr/lib/gcc/arm-none-eabi/13.2.1/../../../arm-none-eabi/lib/thumb/v7e-m+fp/hard/libg_nano.a(libc_a-findfp.o)
 .comment       0x00000026       0x27 /usr/lib/gcc/arm-none-eabi/13.2.1/../../../arm-none-eabi/lib/thumb/v7e-m+fp/hard/libg_nano.a(libc_a-memset.o)
 .comment       0x00000026       0x27 /usr/lib/gcc/arm-none-eabi/13.2.1/../../../arm-none-eabi/lib/thumb/v7e-m+fp/hard/libg_nano.a(libc_a-fflush.o)
 .comment       0x00000026       0x27 /usr/lib/gcc/arm-none-eabi/13.2.1/../../../arm-none-eabi/lib/thumb/v7e-m+fp/hard/libg_nano.a(libc_a-errno.o)
 .comment       0x00000026       0x27 /usr/lib/gcc/arm-none-eabi/13.2.1/../../../arm-none-eabi/lib/thumb/v7e-m+fp/hard/libg_nano.a(libc_a-nano-vfprintf_float.o)
 .comment       0x00000026       0x27 /usr/lib/gcc/arm-none-eabi/13.2.1/../../../arm-none-eabi/lib/thumb/v7e-m+fp/hard/libg_nano.a(libc_a-mallocr.o)
 .comment       0x00000026       0x27 /usr/lib/gcc/arm-none-eabi/13.2.1/../../../arm-none-eabi/lib/thumb/v7e-m+fp/hard/libg_nano.a(libc_a-dtoa.o)
 .comment       0x00000026       0x27 /usr/lib/gcc/arm-none-eabi/13.2.1/../../../arm-none-eabi/lib/thumb/v7e-m+fp/hard/libg_nano.a(libc_a-freer.o)
 .comment       0x00000026       0x27 /usr/lib/gcc/arm-none-eabi/13.2.1/../../../arm-none-eabi/lib/thumb/v7e-m+fp/hard/libg_nano.a(libc_a-fwalk.o)
 .comment       0x00000026       0x27 /usr/lib/gcc/arm-none-eabi/13.2.1/../../../arm-none-eabi/lib/thumb/v7e-m+fp/hard/libg_nano.a(libc_a-wsetup.o)
 .comment       0x00000026       0x27 /usr/lib/gcc/arm-none-eabi/13.2.1/../../../arm-none-eabi/lib/thumb/v7e-m+fp/hard/libg_nano.a(libc_a-malloc.o)
 .comment       0x00000026       0x27 /usr/lib/gcc/arm-none-eabi/13.2.1/../../../arm-none-eabi/lib/thumb/v7e-m+fp/hard/libg_nano.a(libc_a-nano-vfprintf_i.o)
 .comment       0x00000026       0x27 /usr/lib/gcc/arm-none-eabi/13.2.1/../../../arm-none-eabi/lib/thumb/v7e-m+fp/hard/libg_nano.a(libc_a-mlock.o)
 .comment       0x00000026       0x27 /usr/lib/gcc/arm-none-eabi/13.2.1/../../../arm-none-eabi/lib/thumb/v7e-m+fp/hard/libg_nano.a(libc_a-makebuf.o)
 .comment       0x00000026       0x27 /usr/lib/gcc/arm-none-eabi/13.2.1/../../../arm-none-eabi/lib/thumb/v7e-m+fp/hard/libg_nano.a(libc_a-printf.o)
 .comment       0x00000026       0x27 /usr/lib/gcc/arm-none-eabi/13.2.1/../../../arm-none-eabi/lib/thumb/v7e-m+fp/hard/libg_nano.a(libc_a-isattyr.o)
 .comment       0x00000026       0x27 /usr/lib/gcc/arm-none-eabi/13.2.1/../../../arm-none-eabi/lib/thumb/v7e-m+fp/hard/libg_nano.a(libc_a-nano-vfprintf.o)
 .comment       0x00000026       0x27 /usr/lib/gcc/arm-none-eabi/13.2.1/../../../arm-none-eabi/lib/thumb/v7e-m+fp/hard/libg_nano.a(libc_a-wbuf.o)
 .comment       0x00000026       0x27 /usr/lib/gcc/arm-none-eabi/13.2.1/../../../arm-none-eabi/lib/thumb/v7e-m+fp/hard/libg_nano.a(libc_a-assert.o)
 .comment       0x00000026       0x27 /usr/lib/gcc/arm-none-eabi/13.2.1/../../../arm-none-eabi/lib/thumb/v7e-m+fp/hard/libg_nano.a(libc_a-mprec.o)
 .comment       0x00000026       0x27 /usr/lib/gcc/arm-none-eabi/13.2.1/../../../arm-none-eabi/lib/thumb/v7e-m+fp/hard/libg_nano.a(libc_a-sbrkr.o)
 .comment       0x00000026       0x27 /usr/lib/gcc/arm-none-eabi/13.2.1/../../../arm-none-eabi/lib/thumb/v7e-m+fp/hard/libg_nano.a(libc_a-stdio.o)
 .comment       0x00000026       0x27 /usr/lib/gcc/arm-none-eabi/13.2.1/../../../arm-none-eabi/lib/thumb/v7e-m+fp/hard/libg_nano.a(libc_a-impure.o)
 .comment       0x00000026       0x27 /usr/lib/gcc/arm-none-eabi/13.2.1/../../../arm-none-eabi/lib/thumb/v7e-m+fp/hard/libg_nano.a(libc_a-localeconv.o)
 .comment       0x00000026       0x27 /usr/lib/gcc/arm-none-eabi/13.2.1/../../../arm-none-eabi/lib/thumb/v7e-m+fp/hard/libg_nano.a(libc_a-fvwrite.o)
 .comment       0x00000026       0x27 /usr/lib/gcc/arm-none-eabi/13.2.1/../../../arm-none-eabi/lib/thumb/v7e-m+fp/hard/libg_nano.a(libc_a-abort.o)
 .comment       0x00000026       0x27 /usr/lib/gcc/arm-none-eabi/13.2.1/../../../arm-none-eabi/lib/thumb/v7e-m+fp/hard/libg_nano.a(libc_a-closer.o)
 .comment       0x00000026       0x27 /usr/lib/gcc/arm-none-eabi/13.2.1/../../../arm-none-eabi/lib/thumb/v7e-m+fp/hard/libg_nano.a(libc_a-callocr.o)
 .comment       0x00000026       0x27 /usr/lib/gcc/arm-none-eabi/13.2.1/../../../arm-none-eabi/lib/thumb/v7e-m+fp/hard/libg_nano.a(libc_a-locale.o)
 .comment       0x00000026       0x27 /usr/lib/gcc/arm-none-eabi/13.2.1/../../../arm-none-eabi/lib/thumb/v7e-m+fp/hard/libg_nano.a(libc_a-memmove.o)
 .comment       0x00000026       0x27 /usr/lib/gcc/arm-none-eabi/13.2.1/../../../arm-none-eabi/lib/thumb/v7e-m+fp/hard/libg_nano.a(libc_a-wctomb_r.o)
 .comment       0x00000026       0x27 /usr/lib/gcc/arm-none-eabi/13.2.1/../../../arm-none-eabi/lib/thumb/v7e-m+fp/hard/libg_nano.a(libc_a-readr.o)
 .comment       0x00000026       0x27 /usr/lib/gcc/arm-none-eabi/13.2.1/../../../arm-none-eabi/lib/thumb/v7e-m+fp/hard/libg_nano.a(libc_a-fprintf.o)
 .comment       0x00000026       0x27 /usr/lib/gcc/arm-none-eabi/13.2.1/../../../arm-none-eabi/lib/thumb/v7e-m+fp/hard/libg_nano.a(libc_a-reent.o)
 .comment       0x00000026       0x27 /usr/lib/gcc/arm-none-eabi/13.2.1/../../../arm-none-eabi/lib/thumb/v7e-m+fp/hard/libg_nano.a(libc_a-reallocr.o)
 .comment       0x00000026       0x27 /usr/lib/gcc/arm-none-eabi/13.2.1/../../../arm-none-eabi/lib/thumb/v7e-m+fp/hard/libg_nano.a(libc_a-fstatr.o)
 .comment       0x00000026       0x27 /usr/lib/gcc/arm-none-eabi/13.2.1/../../../arm-none-eabi/lib/thumb/v7e-m+fp/hard/libg_nano.a(libc_a-lseekr.o)
 .comment       0x00000026       0x27 /usr/lib/gcc/arm-none-eabi/13.2.1/../../../arm-none-eabi/lib/thumb/v7e-m+fp/hard/libg_nano.a(libc_a-ctype_.o)
 .comment       0x00000026       0x27 /usr/lib/gcc/arm-none-eabi/13.2.1/../../../arm-none-eabi/lib/thumb/v7e-m+fp/hard/libg_nano.a(libc_a-writer.o)
 .comment       0x00000026       0x27 /usr/lib/gcc/arm-none-eabi/13.2.1/../../../arm-none-eabi/lib/thumb/v7e-m+fp/hard/libg_nano.a(libc_a-msizer.o)
 .comment       0x00000026       0x27 /usr/lib/gcc/arm-none-eabi/13.2.1/../../../arm-none-eabi/lib/thumb/v7e-m+fp/hard/libg_nano.a(libc_a-mbtowc_r.o)
 .comment       0x00000026       0x27 /usr/lib/gcc/arm-none-eabi/13.2.1/../../../arm-none-eabi/lib/thumb/v7e-m+fp/hard/libg_nano.a(libc_a-signal.o)
 .comment       0x00000026       0x27 /usr/lib/gcc/arm-none-eabi/13.2.1/../../../arm-none-eabi/lib/thumb/v7e-m+fp/hard/libg_nano.a(libc_a-signalr.o)
 .comment       0x00000026       0x27 /usr/lib/gcc/arm-none-eabi/13.2.1/thumb/v7e-m+fp/hard/crtend.o

.debug_info     0x00000000    0x30627
 .debug_info    0x00000000     0x18e4 CMakeFiles/passive_cool.dir/Core/Src/main.c.obj
 .debug_info    0x000018e4      0x309 CMakeFiles/passive_cool.dir/Core/Src/gpio.c.obj
 .debug_info    0x00001bed      0x890 CMakeFiles/passive_cool.dir/Core/Src/i2c.c.obj
 .debug_info    0x0000247d      0xdf4 CMakeFiles/passive_cool.dir/Core/Src/bme280.c.obj
 .debug_info    0x00003271      0x815 CMakeFiles/passive_cool.dir/Core/Src/spi.c.obj
 .debug_info    0x00003a86      0xd57 CMakeFiles/passive_cool.dir/Core/Src/tim.c.obj
 .debug_info    0x000047dd      0x8f9 CMakeFiles/passive_cool.dir/Core/Src/usart.c.obj
 .debug_info    0x000050d6      0x13e CMakeFiles/passive_cool.dir/Core/Src/stm32f3xx_it.c.obj
 .debug_info    0x00005214      0x181 CMakeFiles/passive_cool.dir/Core/Src/stm32f3xx_hal_msp.c.obj
 .debug_info    0x00005395      0x150 CMakeFiles/passive_cool.dir/Core/Src/sysmem.c.obj
 .debug_info    0x000054e5      0x6b4 CMakeFiles/passive_cool.dir/Core/Src/syscalls.c.obj
 .debug_info    0x00005b99       0x30 CMakeFiles/passive_cool.dir/startup_stm32f303x8.s.obj
 .debug_info    0x00005bc9      0x78a CMakeFiles/passive_cool.dir/Core/Src/servo.c.obj
 .debug_info    0x00006353      0x8ec CMakeFiles/passive_cool.dir/Core/Src/encoder.c.obj
 .debug_info    0x00006c3f      0x3ed cmake/stm32cubemx/CMakeFiles/STM32_Drivers.dir/__/__/Core/Src/system_stm32f3xx.c.obj
 .debug_info    0x0000702c     0x209f cmake/stm32cubemx/CMakeFiles/STM32_Drivers.dir/__/__/Drivers/STM32F3xx_HAL_Driver/Src/stm32f3xx_hal_i2c.c.obj
 .debug_info    0x000090cb      0x89c cmake/stm32cubemx/CMakeFiles/STM32_Drivers.dir/__/__/Drivers/STM32F3xx_HAL_Driver/Src/stm32f3xx_hal_i2c_ex.c.obj
 .debug_info    0x00009967      0x73e cmake/stm32cubemx/CMakeFiles/STM32_Drivers.dir/__/__/Drivers/STM32F3xx_HAL_Driver/Src/stm32f3xx_hal.c.obj
 .debug_info    0x0000a0a5     0x145a cmake/stm32cubemx/CMakeFiles/STM32_Drivers.dir/__/__/Drivers/STM32F3xx_HAL_Driver/Src/stm32f3xx_hal_rcc.c.obj
 .debug_info    0x0000b4ff      0x50a cmake/stm32cubemx/CMakeFiles/STM32_Drivers.dir/__/__/Drivers/STM32F3xx_HAL_Driver/Src/stm32f3xx_hal_rcc_ex.c.obj
 .debug_info    0x0000ba09      0x68e cmake/stm32cubemx/CMakeFiles/STM32_Drivers.dir/__/__/Drivers/STM32F3xx_HAL_Driver/Src/stm32f3xx_hal_gpio.c.obj
 .debug_info    0x0000c097      0xa63 cmake/stm32cubemx/CMakeFiles/STM32_Drivers.dir/__/__/Drivers/STM32F3xx_HAL_Driver/Src/stm32f3xx_hal_cortex.c.obj
 .debug_info    0x0000cafa     0x15e6 cmake/stm32cubemx/CMakeFiles/STM32_Drivers.dir/__/__/Drivers/STM32F3xx_HAL_Driver/Src/stm32f3xx_hal_spi.c.obj
 .debug_info    0x0000e0e0     0x2a58 cmake/stm32cubemx/CMakeFiles/STM32_Drivers.dir/__/__/Drivers/STM32F3xx_HAL_Driver/Src/stm32f3xx_hal_tim.c.obj
 .debug_info    0x00010b38     0x1555 cmake/stm32cubemx/CMakeFiles/STM32_Drivers.dir/__/__/Drivers/STM32F3xx_HAL_Driver/Src/stm32f3xx_hal_tim_ex.c.obj
 .debug_info    0x0001208d     0x3984 cmake/stm32cubemx/CMakeFiles/STM32_Drivers.dir/__/__/Drivers/STM32F3xx_HAL_Driver/Src/stm32f3xx_hal_uart.c.obj
 .debug_info    0x00015a11       0xd3 /usr/lib/gcc/arm-none-eabi/13.2.1/thumb/v7e-m+fp/hard/libgcc.a(_arm_addsubdf3.o)
 .debug_info    0x00015ae4       0x57 /usr/lib/gcc/arm-none-eabi/13.2.1/thumb/v7e-m+fp/hard/libgcc.a(_arm_muldivdf3.o)
 .debug_info    0x00015b3b       0xdf /usr/lib/gcc/arm-none-eabi/13.2.1/thumb/v7e-m+fp/hard/libgcc.a(_arm_cmpdf2.o)
 .debug_info    0x00015c1a       0x3c /usr/lib/gcc/arm-none-eabi/13.2.1/thumb/v7e-m+fp/hard/libgcc.a(_arm_fixdfsi.o)
 .debug_info    0x00015c56       0x3f /usr/lib/gcc/arm-none-eabi/13.2.1/thumb/v7e-m+fp/hard/libgcc.a(_arm_truncdfsf2.o)
 .debug_info    0x00015c95      0x10b /usr/lib/gcc/arm-none-eabi/13.2.1/../../../arm-none-eabi/lib/thumb/v7e-m+fp/hard/libg_nano.a(libc_a-init.o)
 .debug_info    0x00015da0      0x8f8 /usr/lib/gcc/arm-none-eabi/13.2.1/../../../arm-none-eabi/lib/thumb/v7e-m+fp/hard/libg_nano.a(libc_a-puts.o)
 .debug_info    0x00016698      0xe8c /usr/lib/gcc/arm-none-eabi/13.2.1/../../../arm-none-eabi/lib/thumb/v7e-m+fp/hard/libg_nano.a(libc_a-findfp.o)
 .debug_info    0x00017524      0x135 /usr/lib/gcc/arm-none-eabi/13.2.1/../../../arm-none-eabi/lib/thumb/v7e-m+fp/hard/libg_nano.a(libc_a-memset.o)
 .debug_info    0x00017659      0xa33 /usr/lib/gcc/arm-none-eabi/13.2.1/../../../arm-none-eabi/lib/thumb/v7e-m+fp/hard/libg_nano.a(libc_a-fflush.o)
 .debug_info    0x0001808c      0x6f1 /usr/lib/gcc/arm-none-eabi/13.2.1/../../../arm-none-eabi/lib/thumb/v7e-m+fp/hard/libg_nano.a(libc_a-errno.o)
 .debug_info    0x0001877d     0x13f9 /usr/lib/gcc/arm-none-eabi/13.2.1/../../../arm-none-eabi/lib/thumb/v7e-m+fp/hard/libg_nano.a(libc_a-nano-vfprintf_float.o)
 .debug_info    0x00019b76      0x9b6 /usr/lib/gcc/arm-none-eabi/13.2.1/../../../arm-none-eabi/lib/thumb/v7e-m+fp/hard/libg_nano.a(libc_a-mallocr.o)
 .debug_info    0x0001a52c     0x1952 /usr/lib/gcc/arm-none-eabi/13.2.1/../../../arm-none-eabi/lib/thumb/v7e-m+fp/hard/libg_nano.a(libc_a-dtoa.o)
 .debug_info    0x0001be7e      0x87f /usr/lib/gcc/arm-none-eabi/13.2.1/../../../arm-none-eabi/lib/thumb/v7e-m+fp/hard/libg_nano.a(libc_a-freer.o)
 .debug_info    0x0001c6fd      0x7c8 /usr/lib/gcc/arm-none-eabi/13.2.1/../../../arm-none-eabi/lib/thumb/v7e-m+fp/hard/libg_nano.a(libc_a-fwalk.o)
 .debug_info    0x0001cec5      0x7b1 /usr/lib/gcc/arm-none-eabi/13.2.1/../../../arm-none-eabi/lib/thumb/v7e-m+fp/hard/libg_nano.a(libc_a-wsetup.o)
 .debug_info    0x0001d676       0x33 /usr/lib/gcc/arm-none-eabi/13.2.1/../../../arm-none-eabi/lib/thumb/v7e-m+fp/hard/libg_nano.a(libc_a-memcpy.o)
 .debug_info    0x0001d6a9      0x796 /usr/lib/gcc/arm-none-eabi/13.2.1/../../../arm-none-eabi/lib/thumb/v7e-m+fp/hard/libg_nano.a(libc_a-malloc.o)
 .debug_info    0x0001de3f      0xdd7 /usr/lib/gcc/arm-none-eabi/13.2.1/../../../arm-none-eabi/lib/thumb/v7e-m+fp/hard/libg_nano.a(libc_a-nano-vfprintf_i.o)
 .debug_info    0x0001ec16      0x71c /usr/lib/gcc/arm-none-eabi/13.2.1/../../../arm-none-eabi/lib/thumb/v7e-m+fp/hard/libg_nano.a(libc_a-mlock.o)
 .debug_info    0x0001f332      0xbe6 /usr/lib/gcc/arm-none-eabi/13.2.1/../../../arm-none-eabi/lib/thumb/v7e-m+fp/hard/libg_nano.a(libc_a-makebuf.o)
 .debug_info    0x0001ff18      0x837 /usr/lib/gcc/arm-none-eabi/13.2.1/../../../arm-none-eabi/lib/thumb/v7e-m+fp/hard/libg_nano.a(libc_a-printf.o)
 .debug_info    0x0002074f      0x752 /usr/lib/gcc/arm-none-eabi/13.2.1/../../../arm-none-eabi/lib/thumb/v7e-m+fp/hard/libg_nano.a(libc_a-isattyr.o)
 .debug_info    0x00020ea1     0x108a /usr/lib/gcc/arm-none-eabi/13.2.1/../../../arm-none-eabi/lib/thumb/v7e-m+fp/hard/libg_nano.a(libc_a-nano-vfprintf.o)
 .debug_info    0x00021f2b      0x863 /usr/lib/gcc/arm-none-eabi/13.2.1/../../../arm-none-eabi/lib/thumb/v7e-m+fp/hard/libg_nano.a(libc_a-wbuf.o)
 .debug_info    0x0002278e      0x825 /usr/lib/gcc/arm-none-eabi/13.2.1/../../../arm-none-eabi/lib/thumb/v7e-m+fp/hard/libg_nano.a(libc_a-assert.o)
 .debug_info    0x00022fb3     0x1f25 /usr/lib/gcc/arm-none-eabi/13.2.1/../../../arm-none-eabi/lib/thumb/v7e-m+fp/hard/libg_nano.a(libc_a-mprec.o)
 .debug_info    0x00024ed8      0x778 /usr/lib/gcc/arm-none-eabi/13.2.1/../../../arm-none-eabi/lib/thumb/v7e-m+fp/hard/libg_nano.a(libc_a-sbrkr.o)
 .debug_info    0x00025650      0xa80 /usr/lib/gcc/arm-none-eabi/13.2.1/../../../arm-none-eabi/lib/thumb/v7e-m+fp/hard/libg_nano.a(libc_a-stdio.o)
 .debug_info    0x000260d0      0x70b /usr/lib/gcc/arm-none-eabi/13.2.1/../../../arm-none-eabi/lib/thumb/v7e-m+fp/hard/libg_nano.a(libc_a-impure.o)
 .debug_info    0x000267db      0xa0e /usr/lib/gcc/arm-none-eabi/13.2.1/../../../arm-none-eabi/lib/thumb/v7e-m+fp/hard/libg_nano.a(libc_a-localeconv.o)
 .debug_info    0x000271e9      0xaf1 /usr/lib/gcc/arm-none-eabi/13.2.1/../../../arm-none-eabi/lib/thumb/v7e-m+fp/hard/libg_nano.a(libc_a-fvwrite.o)
 .debug_info    0x00027cda       0xd8 /usr/lib/gcc/arm-none-eabi/13.2.1/../../../arm-none-eabi/lib/thumb/v7e-m+fp/hard/libg_nano.a(libc_a-abort.o)
 .debug_info    0x00027db2      0x752 /usr/lib/gcc/arm-none-eabi/13.2.1/../../../arm-none-eabi/lib/thumb/v7e-m+fp/hard/libg_nano.a(libc_a-closer.o)